MPLINK 4.38, Linker
Linker Map File - Created Sat Mar 26 16:23:46 2011

                                 Section Info
                  Section       Type    Address   Location Size(Bytes)
                ---------  ---------  ---------  ---------  ---------
               _entry_scn       code   0x000000    program   0x000006
           .code___init.o       code   0x000006    program   0x000002
              high_vector       code   0x000008    program   0x000006
        .idata_t2open.o_i    romdata   0x00000e    program   0x000000
        .romdata_t2open.o    romdata   0x00000e    program   0x000000
        .romdata_t0open.o    romdata   0x00000e    program   0x000000
        .idata_t0open.o_i    romdata   0x00000e    program   0x000000
       .idata_u1write.o_i    romdata   0x00000e    program   0x000000
        .romdata_u1open.o    romdata   0x00000e    program   0x000000
        .idata_u1open.o_i    romdata   0x00000e    program   0x000000
       .romdata_u1write.o    romdata   0x00000e    program   0x000000
        .idata_u1defs.o_i    romdata   0x00000e    program   0x000000
        .romdata_u1defs.o    romdata   0x00000e    program   0x000000
 .romdata_PWMBruteForce.o    romdata   0x00000e    program   0x000000
 .idata_PWMBruteForce.o_i    romdata   0x00000e    program   0x000000
           .code_u1defs.o       code   0x00000e    program   0x000000
       .idata_t0write.o_i    romdata   0x00000e    program   0x000000
       .romdata_t0write.o    romdata   0x00000e    program   0x000000
        .idata___init.o_i    romdata   0x00000e    program   0x000000
     .romdata_FastTraxx.o    romdata   0x00000e    program   0x000000
        .romdata___init.o    romdata   0x00000e    program   0x000000
            .code_c018i.o       code   0x00000e    program   0x000000
         .romdata_c018i.o    romdata   0x00000e    program   0x000000
         .idata_c018i.o_i    romdata   0x00000e    program   0x000000
               low_vector       code   0x000018    program   0x000006
                   .cinit    romdata   0x00001e    program   0x00000e
        .code_FastTraxx.o       code   0x00002c    program   0x000ace
                     PROG       code   0x000afa    program   0x0004b2
    .code_PWMBruteForce.o       code   0x000fac    program   0x00038e
               _cinit_scn       code   0x00133a    program   0x00009e
           .code_u1open.o       code   0x0013d8    program   0x000072
          .code_t0write.o       code   0x00144a    program   0x000038
           .code_t0open.o       code   0x001482    program   0x000038
           .code_t2open.o       code   0x0014ba    program   0x000036
          .code_u1write.o       code   0x0014f0    program   0x00002e
                    .code       code   0x00151e    program   0x000020
             _startup_scn       code   0x00153e    program   0x00001c
                   STRING       code   0x00155a    program   0x00001c
     .idata_FastTraxx.o_i    romdata   0x001576    program   0x000056
.config_300001_FastTraxx.o    romdata   0x300001    program   0x000001
.config_300003_FastTraxx.o    romdata   0x300003    program   0x000001
.config_300006_FastTraxx.o    romdata   0x300006    program   0x000001
                MATH_DATA      udata   0x000000       data   0x000014
                 .tmpdata      udata   0x000014       data   0x000004
       .idata_FastTraxx.o      idata   0x000060       data   0x000056
                   .stack      udata   0x000e00       data   0x000100
           .udata_c018i.o      udata   0x000f00       data   0x00000a
          .udata_u1defs.o      udata   0x000f0a       data   0x000001
          .idata___init.o      idata   0x000f0b       data   0x000000
          .udata___init.o      udata   0x000f0b       data   0x000000
         .idata_t0write.o      idata   0x000f0b       data   0x000000
         .udata_t0write.o      udata   0x000f0b       data   0x000000
          .idata_u1defs.o      idata   0x000f0b       data   0x000000
         .idata_u1write.o      idata   0x000f0b       data   0x000000
         .udata_u1write.o      udata   0x000f0b       data   0x000000
          .idata_t2open.o      idata   0x000f0b       data   0x000000
          .udata_t2open.o      udata   0x000f0b       data   0x000000
          .idata_t0open.o      idata   0x000f0b       data   0x000000
          .udata_t0open.o      udata   0x000f0b       data   0x000000
          .idata_u1open.o      idata   0x000f0b       data   0x000000
          .udata_u1open.o      udata   0x000f0b       data   0x000000
   .idata_PWMBruteForce.o      idata   0x000f0b       data   0x000000
   .udata_PWMBruteForce.o      udata   0x000f0b       data   0x000000
           .idata_c018i.o      idata   0x000f0b       data   0x000000
       .udata_FastTraxx.o      udata   0x000f0b       data   0x000000
              SFR_BANKED0      udata   0x000f38       data   0x000003
              SFR_BANKED1      udata   0x000f3d       data   0x000023
            SFR_UNBANKED0      udata   0x000f60       data   0x0000a0



                              Program Memory Usage 
                               Start         End      
                           ---------   ---------      
                            0x000000    0x00000d      
                            0x000018    0x0015cb      
                            0x300001    0x300001      
                            0x300003    0x300003      
                            0x300006    0x300006      
            5573 out of 66584 program addresses used, program memory utilization is 8%



                              Symbols - Sorted by Name
                     Name    Address   Location    Storage File                     
                ---------  ---------  ---------  --------- ---------                
                ClosePWM1   0x000fcc    program     extern C:\Program Files (x86)\Microchip\Projects\FastTraxx_PWM2\PWMBruteForce.c
                ClosePWM2   0x0010f0    program     extern C:\Program Files (x86)\Microchip\Projects\FastTraxx_PWM2\PWMBruteForce.c
                ClosePWM3   0x0011be    program     extern C:\Program Files (x86)\Microchip\Projects\FastTraxx_PWM2\PWMBruteForce.c
                ClosePWM4   0x0012d8    program     extern C:\Program Files (x86)\Microchip\Projects\FastTraxx_PWM2\PWMBruteForce.c
                 FLO1632S   0x000afe    program     extern C:\Program Files\Microchip\mplabc18\v3.37\src\traditional\math\cast16FP.asm
                 FLO1632U   0x000afa    program     extern C:\Program Files\Microchip\mplabc18\v3.37\src\traditional\math\cast16FP.asm
                    FPA32   0x000b26    program     extern C:\Program Files\Microchip\mplabc18\v3.37\src\traditional\math\addFP.asm
                    FPM32   0x000c52    program     extern C:\Program Files\Microchip\mplabc18\v3.37\src\traditional\math\mulFP.asm
                    FPS32   0x000b24    program     extern C:\Program Files\Microchip\mplabc18\v3.37\src\traditional\math\addFP.asm
                 FXM1616S   0x000d2c    program     extern C:\Program Files\Microchip\mplabc18\v3.37\src\traditional\math\fxm1616s.asm
                  INT3216   0x000d86    program     extern C:\Program Files\Microchip\mplabc18\v3.37\src\traditional\math\castFP16.asm
               Open1USART   0x0013d8    program     extern C:\Program Files\Microchip\mplabc18\v3.37\src\pmc_common\USART\u1open.c
                 OpenPWM1   0x000fac    program     extern C:\Program Files (x86)\Microchip\Projects\FastTraxx_PWM2\PWMBruteForce.c
                 OpenPWM2   0x001096    program     extern C:\Program Files (x86)\Microchip\Projects\FastTraxx_PWM2\PWMBruteForce.c
                 OpenPWM3   0x00119e    program     extern C:\Program Files (x86)\Microchip\Projects\FastTraxx_PWM2\PWMBruteForce.c
                 OpenPWM4   0x001278    program     extern C:\Program Files (x86)\Microchip\Projects\FastTraxx_PWM2\PWMBruteForce.c
               OpenTimer0   0x001482    program     extern C:\Program Files\Microchip\mplabc18\v3.37\src\pmc_common\Timers\t0open.c
               OpenTimer2   0x0014ba    program     extern C:\Program Files\Microchip\mplabc18\v3.37\src\pmc_common\Timers\t2open.c
                SetDCPWM1   0x00103c    program     extern C:\Program Files (x86)\Microchip\Projects\FastTraxx_PWM2\PWMBruteForce.c
                SetDCPWM2   0x001144    program     extern C:\Program Files (x86)\Microchip\Projects\FastTraxx_PWM2\PWMBruteForce.c
                SetDCPWM3   0x00121c    program     extern C:\Program Files (x86)\Microchip\Projects\FastTraxx_PWM2\PWMBruteForce.c
                SetDCPWM4   0x0012de    program     extern C:\Program Files (x86)\Microchip\Projects\FastTraxx_PWM2\PWMBruteForce.c
            SetOutputPWM1   0x000fd0    program     extern C:\Program Files (x86)\Microchip\Projects\FastTraxx_PWM2\PWMBruteForce.c
            SetOutputPWM2   0x0010f4    program     extern C:\Program Files (x86)\Microchip\Projects\FastTraxx_PWM2\PWMBruteForce.c
            SetOutputPWM3   0x0011c4    program     extern C:\Program Files (x86)\Microchip\Projects\FastTraxx_PWM2\PWMBruteForce.c
                  TAGTB32   0x000de4    program     extern C:\Program Files\Microchip\mplabc18\v3.37\src\traditional\math\gtFP.asm
               TSIGN1616A   0x000d78    program     static C:\Program Files\Microchip\mplabc18\v3.37\src\traditional\math\fxm1616s.asm
              Write1USART   0x0014f0    program     extern C:\Program Files\Microchip\mplabc18\v3.37\src\pmc_common\USART\u1write.c
              WriteTimer0   0x00144a    program     extern C:\Program Files\Microchip\mplabc18\v3.37\src\pmc_common\Timers\t0write.c
              __FpCompare   0x000df6    program     extern C:\Program Files\Microchip\mplabc18\v3.37\src\traditional\math\compFP.asm
                 __FpExit   0x000eac    program     extern C:\Program Files\Microchip\mplabc18\v3.37\src\traditional\math\packFP.asm
                 __FpPack   0x000ed8    program     extern C:\Program Files\Microchip\mplabc18\v3.37\src\traditional\math\packFP.asm
            __FpReturnNaN   0x000ea0    program     extern C:\Program Files\Microchip\mplabc18\v3.37\src\traditional\math\packFP.asm
         __FpReturnNegInf   0x000eb2    program     extern C:\Program Files\Microchip\mplabc18\v3.37\src\traditional\math\packFP.asm
        __FpReturnNegZero   0x000eca    program     extern C:\Program Files\Microchip\mplabc18\v3.37\src\traditional\math\packFP.asm
         __FpReturnPosInf   0x000eb8    program     extern C:\Program Files\Microchip\mplabc18\v3.37\src\traditional\math\packFP.asm
        __FpReturnPosZero   0x000ed2    program     extern C:\Program Files\Microchip\mplabc18\v3.37\src\traditional\math\packFP.asm
        __FpReturnSignInf   0x000eae    program     extern C:\Program Files\Microchip\mplabc18\v3.37\src\traditional\math\packFP.asm
       __FpReturnSignZero   0x000ec6    program     extern C:\Program Files\Microchip\mplabc18\v3.37\src\traditional\math\packFP.asm
              __FpReturnW   0x000f30    program     extern C:\Program Files\Microchip\mplabc18\v3.37\src\traditional\math\packFP.asm
              __FpUnPackA   0x000f50    program     extern C:\Program Files\Microchip\mplabc18\v3.37\src\traditional\math\UnpackFP.asm
              __FpUnPackB   0x000f80    program     extern C:\Program Files\Microchip\mplabc18\v3.37\src\traditional\math\UnpackFP.asm
         ___else_lbl00006   0x0010c6    program     static                          
           ___if_lbl00005   0x0010ca    program     static                          
       ___return_lbl00000   0x00000c    program     static                          
       ___return_lbl00000   0x000004    program     static                          
       ___return_lbl00001   0x00001c    program     static                          
       ___return_lbl00001   0x001558    program     static                          
       ___return_lbl00002   0x001028    program     static                          
       ___return_lbl00002   0x0013d6    program     static                          
       ___return_lbl00004   0x0010dc    program     static                          
       ___return_lbl00008   0x001130    program     static                          
       ___return_lbl00012   0x001208    program     static                          
               __config_0   0x300001    program     static C:\Program Files (x86)\Microchip\Projects\FastTraxx_PWM\FastTraxx.c
               __config_1   0x300003    program     static C:\Program Files (x86)\Microchip\Projects\FastTraxx_PWM\FastTraxx.c
               __config_2   0x300006    program     static C:\Program Files (x86)\Microchip\Projects\FastTraxx_PWM\FastTraxx.c
                   __init   0x000006    program     extern C:\Program Files\Microchip\mplabc18\v3.37\src\traditional\stdclib\__init.c
            __zero_memory   0x00151e    program     extern C:\Program Files\Microchip\mplabc18\v3.37\src\traditional\proc\p18F26K22.asm
                _do_cinit   0x00133a    program     extern C:\Program Files\Microchip\mplabc18\v3.37\src\traditional\startup\c018i.c
                   _entry   0x000000    program     extern C:\Program Files\Microchip\mplabc18\v3.37\src\traditional\startup\c018i.c
                 _startup   0x00153e    program     extern C:\Program Files\Microchip\mplabc18\v3.37\src\traditional\startup\c018i.c
                compare_l   0x001534    program     static C:\Program Files\Microchip\mplabc18\v3.37\src\traditional\proc\p18F26K22.asm
                copy_loop   0x0013ac    program     static                          
            copy_one_byte   0x0013b2    program     static                          
                     done   0x0013d6    program     static                          
             done_copying   0x0013c0    program     static                          
                   getCMD   0x000384    program     extern C:\Program Files (x86)\Microchip\Projects\FastTraxx_PWM\FastTraxx.c
                heartBeat   0x00074a    program     extern C:\Program Files (x86)\Microchip\Projects\FastTraxx_PWM\FastTraxx.c
                 high_isr   0x000172    program     extern C:\Program Files (x86)\Microchip\Projects\FastTraxx_PWM\FastTraxx.c
 interrupt_at_high_vector   0x000008    program     extern C:\Program Files (x86)\Microchip\Projects\FastTraxx_PWM\FastTraxx.c
  interrupt_at_low_vector   0x000018    program     extern C:\Program Files (x86)\Microchip\Projects\FastTraxx_PWM\FastTraxx.c
                 jANotInf   0x000c70    program     static C:\Program Files\Microchip\mplabc18\v3.37\src\traditional\math\mulFP.asm
                 jANotInf   0x000b4e    program     static C:\Program Files\Microchip\mplabc18\v3.37\src\traditional\math\addFP.asm
                 jANotNeg   0x000be2    program     static C:\Program Files\Microchip\mplabc18\v3.37\src\traditional\math\addFP.asm
              jAandWsetup   0x000bb2    program     static C:\Program Files\Microchip\mplabc18\v3.37\src\traditional\math\addFP.asm
                  jAisNeg   0x000e72    program     static C:\Program Files\Microchip\mplabc18\v3.37\src\traditional\math\compFP.asm
                 jAltBexp   0x000ba0    program     static C:\Program Files\Microchip\mplabc18\v3.37\src\traditional\math\addFP.asm
                jBANotInf   0x000b44    program     static C:\Program Files\Microchip\mplabc18\v3.37\src\traditional\math\addFP.asm
                 jBNotInf   0x000b5c    program     static C:\Program Files\Microchip\mplabc18\v3.37\src\traditional\math\addFP.asm
              jBothFinite   0x000c7e    program     static C:\Program Files\Microchip\mplabc18\v3.37\src\traditional\math\mulFP.asm
             jBothNotZero   0x000e14    program     static C:\Program Files\Microchip\mplabc18\v3.37\src\traditional\math\compFP.asm
             jBothNotZero   0x000c8a    program     static C:\Program Files\Microchip\mplabc18\v3.37\src\traditional\math\mulFP.asm
            jDifOrPosSign   0x000b70    program     static C:\Program Files\Microchip\mplabc18\v3.37\src\traditional\math\addFP.asm
                      jEQ   0x000e30    program     static C:\Program Files\Microchip\mplabc18\v3.37\src\traditional\math\compFP.asm
                     jEnd   0x001574    program     static C:\Program Files\Microchip\mplabc18\v3.37\src\traditional\stdclib\strlen.asm
                    jExch   0x000e3c    program     static C:\Program Files\Microchip\mplabc18\v3.37\src\traditional\math\compFP.asm
                    jExit   0x000de2    program     static C:\Program Files\Microchip\mplabc18\v3.37\src\traditional\math\castFP16.asm
                   jExpEQ   0x000e82    program     static C:\Program Files\Microchip\mplabc18\v3.37\src\traditional\math\compFP.asm
                   jFinal   0x000e66    program     static C:\Program Files\Microchip\mplabc18\v3.37\src\traditional\math\compFP.asm
               jFinalSign   0x000c4a    program     static C:\Program Files\Microchip\mplabc18\v3.37\src\traditional\math\addFP.asm
                jHaveZero   0x000c86    program     static C:\Program Files\Microchip\mplabc18\v3.37\src\traditional\math\mulFP.asm
                jI2F16Beg   0x000b0e    program     static C:\Program Files\Microchip\mplabc18\v3.37\src\traditional\math\cast16FP.asm
                    jLoop   0x00156a    program     static C:\Program Files\Microchip\mplabc18\v3.37\src\traditional\stdclib\strlen.asm
                    jLoop   0x000dc2    program     static C:\Program Files\Microchip\mplabc18\v3.37\src\traditional\math\castFP16.asm
                jLoopExit   0x000dd2    program     static C:\Program Files\Microchip\mplabc18\v3.37\src\traditional\math\castFP16.asm
                     jMax   0x000d96    program     static C:\Program Files\Microchip\mplabc18\v3.37\src\traditional\math\castFP16.asm
                  jMaxNeg   0x000da4    program     static C:\Program Files\Microchip\mplabc18\v3.37\src\traditional\math\castFP16.asm
                  jMaxPos   0x000d9a    program     static C:\Program Files\Microchip\mplabc18\v3.37\src\traditional\math\castFP16.asm
                      jNE   0x000e34    program     static C:\Program Files\Microchip\mplabc18\v3.37\src\traditional\math\compFP.asm
                  jNoExch   0x000e5c    program     static C:\Program Files\Microchip\mplabc18\v3.37\src\traditional\math\compFP.asm
             jNotBothZero   0x000b74    program     static C:\Program Files\Microchip\mplabc18\v3.37\src\traditional\math\addFP.asm
                  jNotInf   0x000db2    program     static C:\Program Files\Microchip\mplabc18\v3.37\src\traditional\math\castFP16.asm
                  jPkLoop   0x000ee6    program     static C:\Program Files\Microchip\mplabc18\v3.37\src\traditional\math\packFP.asm
             jPkRoundDone   0x000f30    program     static C:\Program Files\Microchip\mplabc18\v3.37\src\traditional\math\packFP.asm
               jPkRoundIt   0x000f18    program     static C:\Program Files\Microchip\mplabc18\v3.37\src\traditional\math\packFP.asm
             jPkShiftDone   0x000f02    program     static C:\Program Files\Microchip\mplabc18\v3.37\src\traditional\math\packFP.asm
           jReturnPosInf0   0x000ebc    program     static C:\Program Files\Microchip\mplabc18\v3.37\src\traditional\math\packFP.asm
                  jRotate   0x000e8e    program     static C:\Program Files\Microchip\mplabc18\v3.37\src\traditional\math\compFP.asm
                   jShift   0x000e78    program     static C:\Program Files\Microchip\mplabc18\v3.37\src\traditional\math\compFP.asm
               jShiftDone   0x000c0a    program     static C:\Program Files\Microchip\mplabc18\v3.37\src\traditional\math\addFP.asm
               jShiftLoop   0x000bfc    program     static C:\Program Files\Microchip\mplabc18\v3.37\src\traditional\math\addFP.asm
                jSignDone   0x000c3a    program     static C:\Program Files\Microchip\mplabc18\v3.37\src\traditional\math\addFP.asm
                 jSignsEQ   0x000e18    program     static C:\Program Files\Microchip\mplabc18\v3.37\src\traditional\math\compFP.asm
                  jUnpkA1   0x000f5a    program     static C:\Program Files\Microchip\mplabc18\v3.37\src\traditional\math\UnpackFP.asm
                  jUnpkA2   0x000f72    program     static C:\Program Files\Microchip\mplabc18\v3.37\src\traditional\math\UnpackFP.asm
                 jUnpkANZ   0x000f68    program     static C:\Program Files\Microchip\mplabc18\v3.37\src\traditional\math\UnpackFP.asm
                  jUnpkB1   0x000f8a    program     static C:\Program Files\Microchip\mplabc18\v3.37\src\traditional\math\UnpackFP.asm
                  jUnpkB2   0x000fa2    program     static C:\Program Files\Microchip\mplabc18\v3.37\src\traditional\math\UnpackFP.asm
                 jUnpkBNZ   0x000f98    program     static C:\Program Files\Microchip\mplabc18\v3.37\src\traditional\math\UnpackFP.asm
                 jUnpkNaN   0x000f7c    program     static C:\Program Files\Microchip\mplabc18\v3.37\src\traditional\math\UnpackFP.asm
                 jWNotNeg   0x000bf6    program     static C:\Program Files\Microchip\mplabc18\v3.37\src\traditional\math\addFP.asm
                    jZero   0x000dac    program     static C:\Program Files\Microchip\mplabc18\v3.37\src\traditional\math\castFP16.asm
               jZero1and2   0x000ec0    program     static C:\Program Files\Microchip\mplabc18\v3.37\src\traditional\math\packFP.asm
                     loop   0x00154e    program     static                          
                   loop_h   0x00152c    program     static C:\Program Files\Microchip\mplabc18\v3.37\src\traditional\proc\p18F26K22.asm
                   loop_l   0x001536    program     static C:\Program Files\Microchip\mplabc18\v3.37\src\traditional\proc\p18F26K22.asm
                  low_isr   0x000192    program     extern C:\Program Files (x86)\Microchip\Projects\FastTraxx_PWM\FastTraxx.c
                     main   0x00002c    program     extern C:\Program Files (x86)\Microchip\Projects\FastTraxx_PWM\FastTraxx.c
                 parseCMD   0x00049c    program     extern C:\Program Files (x86)\Microchip\Projects\FastTraxx_PWM\FastTraxx.c
                parseCMD5   0x0004f8    program     extern C:\Program Files (x86)\Microchip\Projects\FastTraxx_PWM\FastTraxx.c
              printToUART   0x0002c6    program     extern C:\Program Files (x86)\Microchip\Projects\FastTraxx_PWM\FastTraxx.c
       singleCharCMDparse   0x00076c    program     extern C:\Program Files (x86)\Microchip\Projects\FastTraxx_PWM\FastTraxx.c
                   strlen   0x00155a    program     extern C:\Program Files\Microchip\mplabc18\v3.37\src\traditional\stdclib\strlen.asm
                     test   0x001354    program     static                          
               zero_block   0x00152c    program     static C:\Program Files\Microchip\mplabc18\v3.37\src\traditional\proc\p18F26K22.asm
                   ADCON0   0x000fc2       data     extern C:\Program Files\Microchip\mplabc18\v3.37\src\traditional\proc\p18F26K22.asm
               ADCON0bits   0x000fc2       data     extern C:\Program Files\Microchip\mplabc18\v3.37\src\traditional\proc\p18F26K22.asm
                   ADCON1   0x000fc1       data     extern C:\Program Files\Microchip\mplabc18\v3.37\src\traditional\proc\p18F26K22.asm
               ADCON1bits   0x000fc1       data     extern C:\Program Files\Microchip\mplabc18\v3.37\src\traditional\proc\p18F26K22.asm
                   ADCON2   0x000fc0       data     extern C:\Program Files\Microchip\mplabc18\v3.37\src\traditional\proc\p18F26K22.asm
               ADCON2bits   0x000fc0       data     extern C:\Program Files\Microchip\mplabc18\v3.37\src\traditional\proc\p18F26K22.asm
                    ADRES   0x000fc3       data     extern C:\Program Files\Microchip\mplabc18\v3.37\src\traditional\proc\p18F26K22.asm
                   ADRESH   0x000fc4       data     extern C:\Program Files\Microchip\mplabc18\v3.37\src\traditional\proc\p18F26K22.asm
                   ADRESL   0x000fc3       data     extern C:\Program Files\Microchip\mplabc18\v3.37\src\traditional\proc\p18F26K22.asm
                   ANSELA   0x000f38       data     extern C:\Program Files\Microchip\mplabc18\v3.37\src\traditional\proc\p18F26K22.asm
               ANSELAbits   0x000f38       data     extern C:\Program Files\Microchip\mplabc18\v3.37\src\traditional\proc\p18F26K22.asm
                   ANSELB   0x000f39       data     extern C:\Program Files\Microchip\mplabc18\v3.37\src\traditional\proc\p18F26K22.asm
               ANSELBbits   0x000f39       data     extern C:\Program Files\Microchip\mplabc18\v3.37\src\traditional\proc\p18F26K22.asm
                   ANSELC   0x000f3a       data     extern C:\Program Files\Microchip\mplabc18\v3.37\src\traditional\proc\p18F26K22.asm
               ANSELCbits   0x000f3a       data     extern C:\Program Files\Microchip\mplabc18\v3.37\src\traditional\proc\p18F26K22.asm
                 BAUD1CON   0x000fb8       data     extern C:\Program Files\Microchip\mplabc18\v3.37\src\traditional\proc\p18F26K22.asm
             BAUD1CONbits   0x000fb8       data     extern C:\Program Files\Microchip\mplabc18\v3.37\src\traditional\proc\p18F26K22.asm
                 BAUD2CON   0x000f70       data     extern C:\Program Files\Microchip\mplabc18\v3.37\src\traditional\proc\p18F26K22.asm
             BAUD2CONbits   0x000f70       data     extern C:\Program Files\Microchip\mplabc18\v3.37\src\traditional\proc\p18F26K22.asm
                  BAUDCON   0x000fb8       data     extern C:\Program Files\Microchip\mplabc18\v3.37\src\traditional\proc\p18F26K22.asm
                 BAUDCON1   0x000fb8       data     extern C:\Program Files\Microchip\mplabc18\v3.37\src\traditional\proc\p18F26K22.asm
             BAUDCON1bits   0x000fb8       data     extern C:\Program Files\Microchip\mplabc18\v3.37\src\traditional\proc\p18F26K22.asm
                 BAUDCON2   0x000f70       data     extern C:\Program Files\Microchip\mplabc18\v3.37\src\traditional\proc\p18F26K22.asm
             BAUDCON2bits   0x000f70       data     extern C:\Program Files\Microchip\mplabc18\v3.37\src\traditional\proc\p18F26K22.asm
              BAUDCONbits   0x000fb8       data     extern C:\Program Files\Microchip\mplabc18\v3.37\src\traditional\proc\p18F26K22.asm
                  BAUDCTL   0x000fb8       data     extern C:\Program Files\Microchip\mplabc18\v3.37\src\traditional\proc\p18F26K22.asm
              BAUDCTLbits   0x000fb8       data     extern C:\Program Files\Microchip\mplabc18\v3.37\src\traditional\proc\p18F26K22.asm
                      BSR   0x000fe0       data     extern C:\Program Files\Microchip\mplabc18\v3.37\src\traditional\proc\p18F26K22.asm
                BUFF_SIZE   0x000073       data     extern C:\Program Files (x86)\Microchip\Projects\FastTraxx_PWM\FastTraxx.c
                  CCP1CON   0x000fbd       data     extern C:\Program Files\Microchip\mplabc18\v3.37\src\traditional\proc\p18F26K22.asm
              CCP1CONbits   0x000fbd       data     extern C:\Program Files\Microchip\mplabc18\v3.37\src\traditional\proc\p18F26K22.asm
                   CCP2AS   0x000f64       data     extern C:\Program Files\Microchip\mplabc18\v3.37\src\traditional\proc\p18F26K22.asm
               CCP2ASbits   0x000f64       data     extern C:\Program Files\Microchip\mplabc18\v3.37\src\traditional\proc\p18F26K22.asm
                  CCP2CON   0x000f66       data     extern C:\Program Files\Microchip\mplabc18\v3.37\src\traditional\proc\p18F26K22.asm
              CCP2CONbits   0x000f66       data     extern C:\Program Files\Microchip\mplabc18\v3.37\src\traditional\proc\p18F26K22.asm
                   CCP3AS   0x000f5b       data     extern C:\Program Files\Microchip\mplabc18\v3.37\src\traditional\proc\p18F26K22.asm
               CCP3ASbits   0x000f5b       data     extern C:\Program Files\Microchip\mplabc18\v3.37\src\traditional\proc\p18F26K22.asm
                  CCP3CON   0x000f5d       data     extern C:\Program Files\Microchip\mplabc18\v3.37\src\traditional\proc\p18F26K22.asm
              CCP3CONbits   0x000f5d       data     extern C:\Program Files\Microchip\mplabc18\v3.37\src\traditional\proc\p18F26K22.asm
                  CCP4CON   0x000f57       data     extern C:\Program Files\Microchip\mplabc18\v3.37\src\traditional\proc\p18F26K22.asm
              CCP4CONbits   0x000f57       data     extern C:\Program Files\Microchip\mplabc18\v3.37\src\traditional\proc\p18F26K22.asm
                  CCP5CON   0x000f54       data     extern C:\Program Files\Microchip\mplabc18\v3.37\src\traditional\proc\p18F26K22.asm
              CCP5CONbits   0x000f54       data     extern C:\Program Files\Microchip\mplabc18\v3.37\src\traditional\proc\p18F26K22.asm
                    CCPR1   0x000fbe       data     extern C:\Program Files\Microchip\mplabc18\v3.37\src\traditional\proc\p18F26K22.asm
                   CCPR1H   0x000fbf       data     extern C:\Program Files\Microchip\mplabc18\v3.37\src\traditional\proc\p18F26K22.asm
                   CCPR1L   0x000fbe       data     extern C:\Program Files\Microchip\mplabc18\v3.37\src\traditional\proc\p18F26K22.asm
                    CCPR2   0x000f67       data     extern C:\Program Files\Microchip\mplabc18\v3.37\src\traditional\proc\p18F26K22.asm
                   CCPR2H   0x000f68       data     extern C:\Program Files\Microchip\mplabc18\v3.37\src\traditional\proc\p18F26K22.asm
                   CCPR2L   0x000f67       data     extern C:\Program Files\Microchip\mplabc18\v3.37\src\traditional\proc\p18F26K22.asm
                    CCPR3   0x000f5e       data     extern C:\Program Files\Microchip\mplabc18\v3.37\src\traditional\proc\p18F26K22.asm
                   CCPR3H   0x000f5f       data     extern C:\Program Files\Microchip\mplabc18\v3.37\src\traditional\proc\p18F26K22.asm
                   CCPR3L   0x000f5e       data     extern C:\Program Files\Microchip\mplabc18\v3.37\src\traditional\proc\p18F26K22.asm
                    CCPR4   0x000f58       data     extern C:\Program Files\Microchip\mplabc18\v3.37\src\traditional\proc\p18F26K22.asm
                   CCPR4H   0x000f59       data     extern C:\Program Files\Microchip\mplabc18\v3.37\src\traditional\proc\p18F26K22.asm
                   CCPR4L   0x000f58       data     extern C:\Program Files\Microchip\mplabc18\v3.37\src\traditional\proc\p18F26K22.asm
                    CCPR5   0x000f55       data     extern C:\Program Files\Microchip\mplabc18\v3.37\src\traditional\proc\p18F26K22.asm
                   CCPR5H   0x000f56       data     extern C:\Program Files\Microchip\mplabc18\v3.37\src\traditional\proc\p18F26K22.asm
                   CCPR5L   0x000f55       data     extern C:\Program Files\Microchip\mplabc18\v3.37\src\traditional\proc\p18F26K22.asm
                 CCPTMRS0   0x000f49       data     extern C:\Program Files\Microchip\mplabc18\v3.37\src\traditional\proc\p18F26K22.asm
             CCPTMRS0bits   0x000f49       data     extern C:\Program Files\Microchip\mplabc18\v3.37\src\traditional\proc\p18F26K22.asm
                 CCPTMRS1   0x000f48       data     extern C:\Program Files\Microchip\mplabc18\v3.37\src\traditional\proc\p18F26K22.asm
             CCPTMRS1bits   0x000f48       data     extern C:\Program Files\Microchip\mplabc18\v3.37\src\traditional\proc\p18F26K22.asm
                  CM12CON   0x000f77       data     extern C:\Program Files\Microchip\mplabc18\v3.37\src\traditional\proc\p18F26K22.asm
              CM12CONbits   0x000f77       data     extern C:\Program Files\Microchip\mplabc18\v3.37\src\traditional\proc\p18F26K22.asm
                   CM1CON   0x000f79       data     extern C:\Program Files\Microchip\mplabc18\v3.37\src\traditional\proc\p18F26K22.asm
                  CM1CON0   0x000f79       data     extern C:\Program Files\Microchip\mplabc18\v3.37\src\traditional\proc\p18F26K22.asm
              CM1CON0bits   0x000f79       data     extern C:\Program Files\Microchip\mplabc18\v3.37\src\traditional\proc\p18F26K22.asm
               CM1CONbits   0x000f79       data     extern C:\Program Files\Microchip\mplabc18\v3.37\src\traditional\proc\p18F26K22.asm
                   CM2CON   0x000f78       data     extern C:\Program Files\Microchip\mplabc18\v3.37\src\traditional\proc\p18F26K22.asm
                  CM2CON0   0x000f78       data     extern C:\Program Files\Microchip\mplabc18\v3.37\src\traditional\proc\p18F26K22.asm
              CM2CON0bits   0x000f78       data     extern C:\Program Files\Microchip\mplabc18\v3.37\src\traditional\proc\p18F26K22.asm
                  CM2CON1   0x000f77       data     extern C:\Program Files\Microchip\mplabc18\v3.37\src\traditional\proc\p18F26K22.asm
              CM2CON1bits   0x000f77       data     extern C:\Program Files\Microchip\mplabc18\v3.37\src\traditional\proc\p18F26K22.asm
               CM2CONbits   0x000f78       data     extern C:\Program Files\Microchip\mplabc18\v3.37\src\traditional\proc\p18F26K22.asm
                 CTMUCON0   0x000f45       data     extern C:\Program Files\Microchip\mplabc18\v3.37\src\traditional\proc\p18F26K22.asm
             CTMUCON0bits   0x000f45       data     extern C:\Program Files\Microchip\mplabc18\v3.37\src\traditional\proc\p18F26K22.asm
                 CTMUCON1   0x000f44       data     extern C:\Program Files\Microchip\mplabc18\v3.37\src\traditional\proc\p18F26K22.asm
             CTMUCON1bits   0x000f44       data     extern C:\Program Files\Microchip\mplabc18\v3.37\src\traditional\proc\p18F26K22.asm
                 CTMUCONH   0x000f45       data     extern C:\Program Files\Microchip\mplabc18\v3.37\src\traditional\proc\p18F26K22.asm
             CTMUCONHbits   0x000f45       data     extern C:\Program Files\Microchip\mplabc18\v3.37\src\traditional\proc\p18F26K22.asm
                 CTMUCONL   0x000f44       data     extern C:\Program Files\Microchip\mplabc18\v3.37\src\traditional\proc\p18F26K22.asm
             CTMUCONLbits   0x000f44       data     extern C:\Program Files\Microchip\mplabc18\v3.37\src\traditional\proc\p18F26K22.asm
                 CTMUICON   0x000f43       data     extern C:\Program Files\Microchip\mplabc18\v3.37\src\traditional\proc\p18F26K22.asm
                CTMUICONH   0x000f43       data     extern C:\Program Files\Microchip\mplabc18\v3.37\src\traditional\proc\p18F26K22.asm
            CTMUICONHbits   0x000f43       data     extern C:\Program Files\Microchip\mplabc18\v3.37\src\traditional\proc\p18F26K22.asm
             CTMUICONbits   0x000f43       data     extern C:\Program Files\Microchip\mplabc18\v3.37\src\traditional\proc\p18F26K22.asm
                  DACCON0   0x000f41       data     extern C:\Program Files\Microchip\mplabc18\v3.37\src\traditional\proc\p18F26K22.asm
              DACCON0bits   0x000f41       data     extern C:\Program Files\Microchip\mplabc18\v3.37\src\traditional\proc\p18F26K22.asm
                  DACCON1   0x000f40       data     extern C:\Program Files\Microchip\mplabc18\v3.37\src\traditional\proc\p18F26K22.asm
              DACCON1bits   0x000f40       data     extern C:\Program Files\Microchip\mplabc18\v3.37\src\traditional\proc\p18F26K22.asm
                     DDRA   0x000f92       data     extern C:\Program Files\Microchip\mplabc18\v3.37\src\traditional\proc\p18F26K22.asm
                 DDRAbits   0x000f92       data     extern C:\Program Files\Microchip\mplabc18\v3.37\src\traditional\proc\p18F26K22.asm
                     DDRB   0x000f93       data     extern C:\Program Files\Microchip\mplabc18\v3.37\src\traditional\proc\p18F26K22.asm
                 DDRBbits   0x000f93       data     extern C:\Program Files\Microchip\mplabc18\v3.37\src\traditional\proc\p18F26K22.asm
                     DDRC   0x000f94       data     extern C:\Program Files\Microchip\mplabc18\v3.37\src\traditional\proc\p18F26K22.asm
                 DDRCbits   0x000f94       data     extern C:\Program Files\Microchip\mplabc18\v3.37\src\traditional\proc\p18F26K22.asm
                  ECCP1AS   0x000fb6       data     extern C:\Program Files\Microchip\mplabc18\v3.37\src\traditional\proc\p18F26K22.asm
              ECCP1ASbits   0x000fb6       data     extern C:\Program Files\Microchip\mplabc18\v3.37\src\traditional\proc\p18F26K22.asm
                  ECCP2AS   0x000f64       data     extern C:\Program Files\Microchip\mplabc18\v3.37\src\traditional\proc\p18F26K22.asm
              ECCP2ASbits   0x000f64       data     extern C:\Program Files\Microchip\mplabc18\v3.37\src\traditional\proc\p18F26K22.asm
                  ECCP3AS   0x000f5b       data     extern C:\Program Files\Microchip\mplabc18\v3.37\src\traditional\proc\p18F26K22.asm
              ECCP3ASbits   0x000f5b       data     extern C:\Program Files\Microchip\mplabc18\v3.37\src\traditional\proc\p18F26K22.asm
                   ECCPAS   0x000fb6       data     extern C:\Program Files\Microchip\mplabc18\v3.37\src\traditional\proc\p18F26K22.asm
               ECCPASbits   0x000fb6       data     extern C:\Program Files\Microchip\mplabc18\v3.37\src\traditional\proc\p18F26K22.asm
                    EEADR   0x000fa9       data     extern C:\Program Files\Microchip\mplabc18\v3.37\src\traditional\proc\p18F26K22.asm
                   EEADRH   0x000faa       data     extern C:\Program Files\Microchip\mplabc18\v3.37\src\traditional\proc\p18F26K22.asm
               EEADRHbits   0x000faa       data     extern C:\Program Files\Microchip\mplabc18\v3.37\src\traditional\proc\p18F26K22.asm
                EEADRbits   0x000fa9       data     extern C:\Program Files\Microchip\mplabc18\v3.37\src\traditional\proc\p18F26K22.asm
                   EECON1   0x000fa6       data     extern C:\Program Files\Microchip\mplabc18\v3.37\src\traditional\proc\p18F26K22.asm
               EECON1bits   0x000fa6       data     extern C:\Program Files\Microchip\mplabc18\v3.37\src\traditional\proc\p18F26K22.asm
                   EECON2   0x000fa7       data     extern C:\Program Files\Microchip\mplabc18\v3.37\src\traditional\proc\p18F26K22.asm
                   EEDATA   0x000fa8       data     extern C:\Program Files\Microchip\mplabc18\v3.37\src\traditional\proc\p18F26K22.asm
                     FSR0   0x000fe9       data     extern C:\Program Files\Microchip\mplabc18\v3.37\src\traditional\proc\p18F26K22.asm
                    FSR0H   0x000fea       data     extern C:\Program Files\Microchip\mplabc18\v3.37\src\traditional\proc\p18F26K22.asm
                    FSR0L   0x000fe9       data     extern C:\Program Files\Microchip\mplabc18\v3.37\src\traditional\proc\p18F26K22.asm
                     FSR1   0x000fe1       data     extern C:\Program Files\Microchip\mplabc18\v3.37\src\traditional\proc\p18F26K22.asm
                    FSR1H   0x000fe2       data     extern C:\Program Files\Microchip\mplabc18\v3.37\src\traditional\proc\p18F26K22.asm
                    FSR1L   0x000fe1       data     extern C:\Program Files\Microchip\mplabc18\v3.37\src\traditional\proc\p18F26K22.asm
                     FSR2   0x000fd9       data     extern C:\Program Files\Microchip\mplabc18\v3.37\src\traditional\proc\p18F26K22.asm
                    FSR2H   0x000fda       data     extern C:\Program Files\Microchip\mplabc18\v3.37\src\traditional\proc\p18F26K22.asm
                    FSR2L   0x000fd9       data     extern C:\Program Files\Microchip\mplabc18\v3.37\src\traditional\proc\p18F26K22.asm
                   FVRCON   0x000f42       data     extern C:\Program Files\Microchip\mplabc18\v3.37\src\traditional\proc\p18F26K22.asm
               FVRCONbits   0x000f42       data     extern C:\Program Files\Microchip\mplabc18\v3.37\src\traditional\proc\p18F26K22.asm
                  HLVDCON   0x000f9c       data     extern C:\Program Files\Microchip\mplabc18\v3.37\src\traditional\proc\p18F26K22.asm
              HLVDCONbits   0x000f9c       data     extern C:\Program Files\Microchip\mplabc18\v3.37\src\traditional\proc\p18F26K22.asm
                    INDF0   0x000fef       data     extern C:\Program Files\Microchip\mplabc18\v3.37\src\traditional\proc\p18F26K22.asm
                    INDF1   0x000fe7       data     extern C:\Program Files\Microchip\mplabc18\v3.37\src\traditional\proc\p18F26K22.asm
                    INDF2   0x000fdf       data     extern C:\Program Files\Microchip\mplabc18\v3.37\src\traditional\proc\p18F26K22.asm
                   INTCON   0x000ff2       data     extern C:\Program Files\Microchip\mplabc18\v3.37\src\traditional\proc\p18F26K22.asm
                  INTCON2   0x000ff1       data     extern C:\Program Files\Microchip\mplabc18\v3.37\src\traditional\proc\p18F26K22.asm
              INTCON2bits   0x000ff1       data     extern C:\Program Files\Microchip\mplabc18\v3.37\src\traditional\proc\p18F26K22.asm
                  INTCON3   0x000ff0       data     extern C:\Program Files\Microchip\mplabc18\v3.37\src\traditional\proc\p18F26K22.asm
              INTCON3bits   0x000ff0       data     extern C:\Program Files\Microchip\mplabc18\v3.37\src\traditional\proc\p18F26K22.asm
               INTCONbits   0x000ff2       data     extern C:\Program Files\Microchip\mplabc18\v3.37\src\traditional\proc\p18F26K22.asm
                     IOCB   0x000f62       data     extern C:\Program Files\Microchip\mplabc18\v3.37\src\traditional\proc\p18F26K22.asm
                 IOCBbits   0x000f62       data     extern C:\Program Files\Microchip\mplabc18\v3.37\src\traditional\proc\p18F26K22.asm
                     IPR1   0x000f9f       data     extern C:\Program Files\Microchip\mplabc18\v3.37\src\traditional\proc\p18F26K22.asm
                 IPR1bits   0x000f9f       data     extern C:\Program Files\Microchip\mplabc18\v3.37\src\traditional\proc\p18F26K22.asm
                     IPR2   0x000fa2       data     extern C:\Program Files\Microchip\mplabc18\v3.37\src\traditional\proc\p18F26K22.asm
                 IPR2bits   0x000fa2       data     extern C:\Program Files\Microchip\mplabc18\v3.37\src\traditional\proc\p18F26K22.asm
                     IPR3   0x000fa5       data     extern C:\Program Files\Microchip\mplabc18\v3.37\src\traditional\proc\p18F26K22.asm
                 IPR3bits   0x000fa5       data     extern C:\Program Files\Microchip\mplabc18\v3.37\src\traditional\proc\p18F26K22.asm
                     IPR4   0x000f7c       data     extern C:\Program Files\Microchip\mplabc18\v3.37\src\traditional\proc\p18F26K22.asm
                 IPR4bits   0x000f7c       data     extern C:\Program Files\Microchip\mplabc18\v3.37\src\traditional\proc\p18F26K22.asm
                     IPR5   0x000f7f       data     extern C:\Program Files\Microchip\mplabc18\v3.37\src\traditional\proc\p18F26K22.asm
                 IPR5bits   0x000f7f       data     extern C:\Program Files\Microchip\mplabc18\v3.37\src\traditional\proc\p18F26K22.asm
                     LATA   0x000f89       data     extern C:\Program Files\Microchip\mplabc18\v3.37\src\traditional\proc\p18F26K22.asm
                 LATAbits   0x000f89       data     extern C:\Program Files\Microchip\mplabc18\v3.37\src\traditional\proc\p18F26K22.asm
                     LATB   0x000f8a       data     extern C:\Program Files\Microchip\mplabc18\v3.37\src\traditional\proc\p18F26K22.asm
                 LATBbits   0x000f8a       data     extern C:\Program Files\Microchip\mplabc18\v3.37\src\traditional\proc\p18F26K22.asm
                     LATC   0x000f8b       data     extern C:\Program Files\Microchip\mplabc18\v3.37\src\traditional\proc\p18F26K22.asm
                 LATCbits   0x000f8b       data     extern C:\Program Files\Microchip\mplabc18\v3.37\src\traditional\proc\p18F26K22.asm
                   LVDCON   0x000f9c       data     extern C:\Program Files\Microchip\mplabc18\v3.37\src\traditional\proc\p18F26K22.asm
               LVDCONbits   0x000f9c       data     extern C:\Program Files\Microchip\mplabc18\v3.37\src\traditional\proc\p18F26K22.asm
                   OSCCON   0x000fd3       data     extern C:\Program Files\Microchip\mplabc18\v3.37\src\traditional\proc\p18F26K22.asm
                  OSCCON2   0x000fd2       data     extern C:\Program Files\Microchip\mplabc18\v3.37\src\traditional\proc\p18F26K22.asm
              OSCCON2bits   0x000fd2       data     extern C:\Program Files\Microchip\mplabc18\v3.37\src\traditional\proc\p18F26K22.asm
               OSCCONbits   0x000fd3       data     extern C:\Program Files\Microchip\mplabc18\v3.37\src\traditional\proc\p18F26K22.asm
                  OSCTUNE   0x000f9b       data     extern C:\Program Files\Microchip\mplabc18\v3.37\src\traditional\proc\p18F26K22.asm
              OSCTUNEbits   0x000f9b       data     extern C:\Program Files\Microchip\mplabc18\v3.37\src\traditional\proc\p18F26K22.asm
                       PC   0x000ff9       data     extern C:\Program Files\Microchip\mplabc18\v3.37\src\traditional\proc\p18F26K22.asm
                      PCL   0x000ff9       data     extern C:\Program Files\Microchip\mplabc18\v3.37\src\traditional\proc\p18F26K22.asm
                   PCLATH   0x000ffa       data     extern C:\Program Files\Microchip\mplabc18\v3.37\src\traditional\proc\p18F26K22.asm
                   PCLATU   0x000ffb       data     extern C:\Program Files\Microchip\mplabc18\v3.37\src\traditional\proc\p18F26K22.asm
                     PIE1   0x000f9d       data     extern C:\Program Files\Microchip\mplabc18\v3.37\src\traditional\proc\p18F26K22.asm
                 PIE1bits   0x000f9d       data     extern C:\Program Files\Microchip\mplabc18\v3.37\src\traditional\proc\p18F26K22.asm
                     PIE2   0x000fa0       data     extern C:\Program Files\Microchip\mplabc18\v3.37\src\traditional\proc\p18F26K22.asm
                 PIE2bits   0x000fa0       data     extern C:\Program Files\Microchip\mplabc18\v3.37\src\traditional\proc\p18F26K22.asm
                     PIE3   0x000fa3       data     extern C:\Program Files\Microchip\mplabc18\v3.37\src\traditional\proc\p18F26K22.asm
                 PIE3bits   0x000fa3       data     extern C:\Program Files\Microchip\mplabc18\v3.37\src\traditional\proc\p18F26K22.asm
                     PIE4   0x000f7a       data     extern C:\Program Files\Microchip\mplabc18\v3.37\src\traditional\proc\p18F26K22.asm
                 PIE4bits   0x000f7a       data     extern C:\Program Files\Microchip\mplabc18\v3.37\src\traditional\proc\p18F26K22.asm
                     PIE5   0x000f7d       data     extern C:\Program Files\Microchip\mplabc18\v3.37\src\traditional\proc\p18F26K22.asm
                 PIE5bits   0x000f7d       data     extern C:\Program Files\Microchip\mplabc18\v3.37\src\traditional\proc\p18F26K22.asm
                     PIR1   0x000f9e       data     extern C:\Program Files\Microchip\mplabc18\v3.37\src\traditional\proc\p18F26K22.asm
                 PIR1bits   0x000f9e       data     extern C:\Program Files\Microchip\mplabc18\v3.37\src\traditional\proc\p18F26K22.asm
                     PIR2   0x000fa1       data     extern C:\Program Files\Microchip\mplabc18\v3.37\src\traditional\proc\p18F26K22.asm
                 PIR2bits   0x000fa1       data     extern C:\Program Files\Microchip\mplabc18\v3.37\src\traditional\proc\p18F26K22.asm
                     PIR3   0x000fa4       data     extern C:\Program Files\Microchip\mplabc18\v3.37\src\traditional\proc\p18F26K22.asm
                 PIR3bits   0x000fa4       data     extern C:\Program Files\Microchip\mplabc18\v3.37\src\traditional\proc\p18F26K22.asm
                     PIR4   0x000f7b       data     extern C:\Program Files\Microchip\mplabc18\v3.37\src\traditional\proc\p18F26K22.asm
                 PIR4bits   0x000f7b       data     extern C:\Program Files\Microchip\mplabc18\v3.37\src\traditional\proc\p18F26K22.asm
                     PIR5   0x000f7e       data     extern C:\Program Files\Microchip\mplabc18\v3.37\src\traditional\proc\p18F26K22.asm
                 PIR5bits   0x000f7e       data     extern C:\Program Files\Microchip\mplabc18\v3.37\src\traditional\proc\p18F26K22.asm
                   PLUSW0   0x000feb       data     extern C:\Program Files\Microchip\mplabc18\v3.37\src\traditional\proc\p18F26K22.asm
                   PLUSW1   0x000fe3       data     extern C:\Program Files\Microchip\mplabc18\v3.37\src\traditional\proc\p18F26K22.asm
                   PLUSW2   0x000fdb       data     extern C:\Program Files\Microchip\mplabc18\v3.37\src\traditional\proc\p18F26K22.asm
                     PMD0   0x000f3f       data     extern C:\Program Files\Microchip\mplabc18\v3.37\src\traditional\proc\p18F26K22.asm
                 PMD0bits   0x000f3f       data     extern C:\Program Files\Microchip\mplabc18\v3.37\src\traditional\proc\p18F26K22.asm
                     PMD1   0x000f3e       data     extern C:\Program Files\Microchip\mplabc18\v3.37\src\traditional\proc\p18F26K22.asm
                 PMD1bits   0x000f3e       data     extern C:\Program Files\Microchip\mplabc18\v3.37\src\traditional\proc\p18F26K22.asm
                     PMD2   0x000f3d       data     extern C:\Program Files\Microchip\mplabc18\v3.37\src\traditional\proc\p18F26K22.asm
                 PMD2bits   0x000f3d       data     extern C:\Program Files\Microchip\mplabc18\v3.37\src\traditional\proc\p18F26K22.asm
                    PORTA   0x000f80       data     extern C:\Program Files\Microchip\mplabc18\v3.37\src\traditional\proc\p18F26K22.asm
                PORTAbits   0x000f80       data     extern C:\Program Files\Microchip\mplabc18\v3.37\src\traditional\proc\p18F26K22.asm
                    PORTB   0x000f81       data     extern C:\Program Files\Microchip\mplabc18\v3.37\src\traditional\proc\p18F26K22.asm
                PORTBbits   0x000f81       data     extern C:\Program Files\Microchip\mplabc18\v3.37\src\traditional\proc\p18F26K22.asm
                    PORTC   0x000f82       data     extern C:\Program Files\Microchip\mplabc18\v3.37\src\traditional\proc\p18F26K22.asm
                PORTCbits   0x000f82       data     extern C:\Program Files\Microchip\mplabc18\v3.37\src\traditional\proc\p18F26K22.asm
                    PORTE   0x000f84       data     extern C:\Program Files\Microchip\mplabc18\v3.37\src\traditional\proc\p18F26K22.asm
                PORTEbits   0x000f84       data     extern C:\Program Files\Microchip\mplabc18\v3.37\src\traditional\proc\p18F26K22.asm
                 POSTDEC0   0x000fed       data     extern C:\Program Files\Microchip\mplabc18\v3.37\src\traditional\proc\p18F26K22.asm
                 POSTDEC1   0x000fe5       data     extern C:\Program Files\Microchip\mplabc18\v3.37\src\traditional\proc\p18F26K22.asm
                 POSTDEC2   0x000fdd       data     extern C:\Program Files\Microchip\mplabc18\v3.37\src\traditional\proc\p18F26K22.asm
                 POSTINC0   0x000fee       data     extern C:\Program Files\Microchip\mplabc18\v3.37\src\traditional\proc\p18F26K22.asm
                 POSTINC1   0x000fe6       data     extern C:\Program Files\Microchip\mplabc18\v3.37\src\traditional\proc\p18F26K22.asm
                 POSTINC2   0x000fde       data     extern C:\Program Files\Microchip\mplabc18\v3.37\src\traditional\proc\p18F26K22.asm
                      PR2   0x000fbb       data     extern C:\Program Files\Microchip\mplabc18\v3.37\src\traditional\proc\p18F26K22.asm
                      PR4   0x000f52       data     extern C:\Program Files\Microchip\mplabc18\v3.37\src\traditional\proc\p18F26K22.asm
                      PR6   0x000f4b       data     extern C:\Program Files\Microchip\mplabc18\v3.37\src\traditional\proc\p18F26K22.asm
                  PREINC0   0x000fec       data     extern C:\Program Files\Microchip\mplabc18\v3.37\src\traditional\proc\p18F26K22.asm
                  PREINC1   0x000fe4       data     extern C:\Program Files\Microchip\mplabc18\v3.37\src\traditional\proc\p18F26K22.asm
                  PREINC2   0x000fdc       data     extern C:\Program Files\Microchip\mplabc18\v3.37\src\traditional\proc\p18F26K22.asm
                     PROD   0x000ff3       data     extern C:\Program Files\Microchip\mplabc18\v3.37\src\traditional\proc\p18F26K22.asm
                    PRODH   0x000ff4       data     extern C:\Program Files\Microchip\mplabc18\v3.37\src\traditional\proc\p18F26K22.asm
                    PRODL   0x000ff3       data     extern C:\Program Files\Microchip\mplabc18\v3.37\src\traditional\proc\p18F26K22.asm
                 PSTR1CON   0x000fb9       data     extern C:\Program Files\Microchip\mplabc18\v3.37\src\traditional\proc\p18F26K22.asm
             PSTR1CONbits   0x000fb9       data     extern C:\Program Files\Microchip\mplabc18\v3.37\src\traditional\proc\p18F26K22.asm
                 PSTR2CON   0x000f63       data     extern C:\Program Files\Microchip\mplabc18\v3.37\src\traditional\proc\p18F26K22.asm
             PSTR2CONbits   0x000f63       data     extern C:\Program Files\Microchip\mplabc18\v3.37\src\traditional\proc\p18F26K22.asm
                 PSTR3CON   0x000f5a       data     extern C:\Program Files\Microchip\mplabc18\v3.37\src\traditional\proc\p18F26K22.asm
             PSTR3CONbits   0x000f5a       data     extern C:\Program Files\Microchip\mplabc18\v3.37\src\traditional\proc\p18F26K22.asm
                  PSTRCON   0x000fb9       data     extern C:\Program Files\Microchip\mplabc18\v3.37\src\traditional\proc\p18F26K22.asm
              PSTRCONbits   0x000fb9       data     extern C:\Program Files\Microchip\mplabc18\v3.37\src\traditional\proc\p18F26K22.asm
                  PWM1CON   0x000fb7       data     extern C:\Program Files\Microchip\mplabc18\v3.37\src\traditional\proc\p18F26K22.asm
              PWM1CONbits   0x000fb7       data     extern C:\Program Files\Microchip\mplabc18\v3.37\src\traditional\proc\p18F26K22.asm
                  PWM2CON   0x000f65       data     extern C:\Program Files\Microchip\mplabc18\v3.37\src\traditional\proc\p18F26K22.asm
              PWM2CONbits   0x000f65       data     extern C:\Program Files\Microchip\mplabc18\v3.37\src\traditional\proc\p18F26K22.asm
                  PWM3CON   0x000f5c       data     extern C:\Program Files\Microchip\mplabc18\v3.37\src\traditional\proc\p18F26K22.asm
              PWM3CONbits   0x000f5c       data     extern C:\Program Files\Microchip\mplabc18\v3.37\src\traditional\proc\p18F26K22.asm
                   PWMCON   0x000fb7       data     extern C:\Program Files\Microchip\mplabc18\v3.37\src\traditional\proc\p18F26K22.asm
               PWMCONbits   0x000fb7       data     extern C:\Program Files\Microchip\mplabc18\v3.37\src\traditional\proc\p18F26K22.asm
                   RC1REG   0x000fae       data     extern C:\Program Files\Microchip\mplabc18\v3.37\src\traditional\proc\p18F26K22.asm
               RC1REGbits   0x000fae       data     extern C:\Program Files\Microchip\mplabc18\v3.37\src\traditional\proc\p18F26K22.asm
                   RC1STA   0x000fab       data     extern C:\Program Files\Microchip\mplabc18\v3.37\src\traditional\proc\p18F26K22.asm
               RC1STAbits   0x000fab       data     extern C:\Program Files\Microchip\mplabc18\v3.37\src\traditional\proc\p18F26K22.asm
                   RC2REG   0x000f74       data     extern C:\Program Files\Microchip\mplabc18\v3.37\src\traditional\proc\p18F26K22.asm
                   RC2STA   0x000f71       data     extern C:\Program Files\Microchip\mplabc18\v3.37\src\traditional\proc\p18F26K22.asm
               RC2STAbits   0x000f71       data     extern C:\Program Files\Microchip\mplabc18\v3.37\src\traditional\proc\p18F26K22.asm
                     RCON   0x000fd0       data     extern C:\Program Files\Microchip\mplabc18\v3.37\src\traditional\proc\p18F26K22.asm
                 RCONbits   0x000fd0       data     extern C:\Program Files\Microchip\mplabc18\v3.37\src\traditional\proc\p18F26K22.asm
                    RCREG   0x000fae       data     extern C:\Program Files\Microchip\mplabc18\v3.37\src\traditional\proc\p18F26K22.asm
                   RCREG1   0x000fae       data     extern C:\Program Files\Microchip\mplabc18\v3.37\src\traditional\proc\p18F26K22.asm
               RCREG1bits   0x000fae       data     extern C:\Program Files\Microchip\mplabc18\v3.37\src\traditional\proc\p18F26K22.asm
                   RCREG2   0x000f74       data     extern C:\Program Files\Microchip\mplabc18\v3.37\src\traditional\proc\p18F26K22.asm
                RCREGbits   0x000fae       data     extern C:\Program Files\Microchip\mplabc18\v3.37\src\traditional\proc\p18F26K22.asm
                    RCSTA   0x000fab       data     extern C:\Program Files\Microchip\mplabc18\v3.37\src\traditional\proc\p18F26K22.asm
                   RCSTA1   0x000fab       data     extern C:\Program Files\Microchip\mplabc18\v3.37\src\traditional\proc\p18F26K22.asm
               RCSTA1bits   0x000fab       data     extern C:\Program Files\Microchip\mplabc18\v3.37\src\traditional\proc\p18F26K22.asm
                   RCSTA2   0x000f71       data     extern C:\Program Files\Microchip\mplabc18\v3.37\src\traditional\proc\p18F26K22.asm
               RCSTA2bits   0x000f71       data     extern C:\Program Files\Microchip\mplabc18\v3.37\src\traditional\proc\p18F26K22.asm
                RCSTAbits   0x000fab       data     extern C:\Program Files\Microchip\mplabc18\v3.37\src\traditional\proc\p18F26K22.asm
                 RXbuffer   0x000077       data     extern C:\Program Files (x86)\Microchip\Projects\FastTraxx_PWM\FastTraxx.c
                   RXbyte   0x0000aa       data     extern C:\Program Files (x86)\Microchip\Projects\FastTraxx_PWM\FastTraxx.c
                  RXcount   0x0000b0       data     extern C:\Program Files (x86)\Microchip\Projects\FastTraxx_PWM\FastTraxx.c
                   RXhead   0x0000ac       data     extern C:\Program Files (x86)\Microchip\Projects\FastTraxx_PWM\FastTraxx.c
                   RXtail   0x0000ae       data     extern C:\Program Files (x86)\Microchip\Projects\FastTraxx_PWM\FastTraxx.c
                     SIGN   0x000000       data     extern C:\Program Files\Microchip\mplabc18\v3.37\src\traditional\math\cmath18.asm
                   SLRCON   0x000f60       data     extern C:\Program Files\Microchip\mplabc18\v3.37\src\traditional\proc\p18F26K22.asm
               SLRCONbits   0x000f60       data     extern C:\Program Files\Microchip\mplabc18\v3.37\src\traditional\proc\p18F26K22.asm
                   SP1BRG   0x000faf       data     extern C:\Program Files\Microchip\mplabc18\v3.37\src\traditional\proc\p18F26K22.asm
                  SP1BRGH   0x000fb0       data     extern C:\Program Files\Microchip\mplabc18\v3.37\src\traditional\proc\p18F26K22.asm
              SP1BRGHbits   0x000fb0       data     extern C:\Program Files\Microchip\mplabc18\v3.37\src\traditional\proc\p18F26K22.asm
               SP1BRGbits   0x000faf       data     extern C:\Program Files\Microchip\mplabc18\v3.37\src\traditional\proc\p18F26K22.asm
                   SP2BRG   0x000f75       data     extern C:\Program Files\Microchip\mplabc18\v3.37\src\traditional\proc\p18F26K22.asm
                  SP2BRGH   0x000f76       data     extern C:\Program Files\Microchip\mplabc18\v3.37\src\traditional\proc\p18F26K22.asm
                    SPBRG   0x000faf       data     extern C:\Program Files\Microchip\mplabc18\v3.37\src\traditional\proc\p18F26K22.asm
                   SPBRG1   0x000faf       data     extern C:\Program Files\Microchip\mplabc18\v3.37\src\traditional\proc\p18F26K22.asm
               SPBRG1bits   0x000faf       data     extern C:\Program Files\Microchip\mplabc18\v3.37\src\traditional\proc\p18F26K22.asm
                   SPBRG2   0x000f75       data     extern C:\Program Files\Microchip\mplabc18\v3.37\src\traditional\proc\p18F26K22.asm
                   SPBRGH   0x000fb0       data     extern C:\Program Files\Microchip\mplabc18\v3.37\src\traditional\proc\p18F26K22.asm
                  SPBRGH1   0x000fb0       data     extern C:\Program Files\Microchip\mplabc18\v3.37\src\traditional\proc\p18F26K22.asm
              SPBRGH1bits   0x000fb0       data     extern C:\Program Files\Microchip\mplabc18\v3.37\src\traditional\proc\p18F26K22.asm
                  SPBRGH2   0x000f76       data     extern C:\Program Files\Microchip\mplabc18\v3.37\src\traditional\proc\p18F26K22.asm
               SPBRGHbits   0x000fb0       data     extern C:\Program Files\Microchip\mplabc18\v3.37\src\traditional\proc\p18F26K22.asm
                SPBRGbits   0x000faf       data     extern C:\Program Files\Microchip\mplabc18\v3.37\src\traditional\proc\p18F26K22.asm
                   SRCON0   0x000f47       data     extern C:\Program Files\Microchip\mplabc18\v3.37\src\traditional\proc\p18F26K22.asm
               SRCON0bits   0x000f47       data     extern C:\Program Files\Microchip\mplabc18\v3.37\src\traditional\proc\p18F26K22.asm
                   SRCON1   0x000f46       data     extern C:\Program Files\Microchip\mplabc18\v3.37\src\traditional\proc\p18F26K22.asm
               SRCON1bits   0x000f46       data     extern C:\Program Files\Microchip\mplabc18\v3.37\src\traditional\proc\p18F26K22.asm
                  SSP1ADD   0x000fc8       data     extern C:\Program Files\Microchip\mplabc18\v3.37\src\traditional\proc\p18F26K22.asm
              SSP1ADDbits   0x000fc8       data     extern C:\Program Files\Microchip\mplabc18\v3.37\src\traditional\proc\p18F26K22.asm
                  SSP1BUF   0x000fc9       data     extern C:\Program Files\Microchip\mplabc18\v3.37\src\traditional\proc\p18F26K22.asm
              SSP1BUFbits   0x000fc9       data     extern C:\Program Files\Microchip\mplabc18\v3.37\src\traditional\proc\p18F26K22.asm
                 SSP1CON1   0x000fc6       data     extern C:\Program Files\Microchip\mplabc18\v3.37\src\traditional\proc\p18F26K22.asm
             SSP1CON1bits   0x000fc6       data     extern C:\Program Files\Microchip\mplabc18\v3.37\src\traditional\proc\p18F26K22.asm
                 SSP1CON2   0x000fc5       data     extern C:\Program Files\Microchip\mplabc18\v3.37\src\traditional\proc\p18F26K22.asm
             SSP1CON2bits   0x000fc5       data     extern C:\Program Files\Microchip\mplabc18\v3.37\src\traditional\proc\p18F26K22.asm
                 SSP1CON3   0x000fcb       data     extern C:\Program Files\Microchip\mplabc18\v3.37\src\traditional\proc\p18F26K22.asm
             SSP1CON3bits   0x000fcb       data     extern C:\Program Files\Microchip\mplabc18\v3.37\src\traditional\proc\p18F26K22.asm
                  SSP1MSK   0x000fca       data     extern C:\Program Files\Microchip\mplabc18\v3.37\src\traditional\proc\p18F26K22.asm
              SSP1MSKbits   0x000fca       data     extern C:\Program Files\Microchip\mplabc18\v3.37\src\traditional\proc\p18F26K22.asm
                 SSP1STAT   0x000fc7       data     extern C:\Program Files\Microchip\mplabc18\v3.37\src\traditional\proc\p18F26K22.asm
             SSP1STATbits   0x000fc7       data     extern C:\Program Files\Microchip\mplabc18\v3.37\src\traditional\proc\p18F26K22.asm
                  SSP2ADD   0x000f6e       data     extern C:\Program Files\Microchip\mplabc18\v3.37\src\traditional\proc\p18F26K22.asm
                  SSP2BUF   0x000f6f       data     extern C:\Program Files\Microchip\mplabc18\v3.37\src\traditional\proc\p18F26K22.asm
                 SSP2CON1   0x000f6c       data     extern C:\Program Files\Microchip\mplabc18\v3.37\src\traditional\proc\p18F26K22.asm
             SSP2CON1bits   0x000f6c       data     extern C:\Program Files\Microchip\mplabc18\v3.37\src\traditional\proc\p18F26K22.asm
                 SSP2CON2   0x000f6b       data     extern C:\Program Files\Microchip\mplabc18\v3.37\src\traditional\proc\p18F26K22.asm
             SSP2CON2bits   0x000f6b       data     extern C:\Program Files\Microchip\mplabc18\v3.37\src\traditional\proc\p18F26K22.asm
                 SSP2CON3   0x000f69       data     extern C:\Program Files\Microchip\mplabc18\v3.37\src\traditional\proc\p18F26K22.asm
             SSP2CON3bits   0x000f69       data     extern C:\Program Files\Microchip\mplabc18\v3.37\src\traditional\proc\p18F26K22.asm
                  SSP2MSK   0x000f6a       data     extern C:\Program Files\Microchip\mplabc18\v3.37\src\traditional\proc\p18F26K22.asm
              SSP2MSKbits   0x000f6a       data     extern C:\Program Files\Microchip\mplabc18\v3.37\src\traditional\proc\p18F26K22.asm
                 SSP2STAT   0x000f6d       data     extern C:\Program Files\Microchip\mplabc18\v3.37\src\traditional\proc\p18F26K22.asm
             SSP2STATbits   0x000f6d       data     extern C:\Program Files\Microchip\mplabc18\v3.37\src\traditional\proc\p18F26K22.asm
                   SSPADD   0x000fc8       data     extern C:\Program Files\Microchip\mplabc18\v3.37\src\traditional\proc\p18F26K22.asm
               SSPADDbits   0x000fc8       data     extern C:\Program Files\Microchip\mplabc18\v3.37\src\traditional\proc\p18F26K22.asm
                   SSPBUF   0x000fc9       data     extern C:\Program Files\Microchip\mplabc18\v3.37\src\traditional\proc\p18F26K22.asm
               SSPBUFbits   0x000fc9       data     extern C:\Program Files\Microchip\mplabc18\v3.37\src\traditional\proc\p18F26K22.asm
                  SSPCON1   0x000fc6       data     extern C:\Program Files\Microchip\mplabc18\v3.37\src\traditional\proc\p18F26K22.asm
              SSPCON1bits   0x000fc6       data     extern C:\Program Files\Microchip\mplabc18\v3.37\src\traditional\proc\p18F26K22.asm
                  SSPCON2   0x000fc5       data     extern C:\Program Files\Microchip\mplabc18\v3.37\src\traditional\proc\p18F26K22.asm
              SSPCON2bits   0x000fc5       data     extern C:\Program Files\Microchip\mplabc18\v3.37\src\traditional\proc\p18F26K22.asm
                  SSPCON3   0x000fcb       data     extern C:\Program Files\Microchip\mplabc18\v3.37\src\traditional\proc\p18F26K22.asm
              SSPCON3bits   0x000fcb       data     extern C:\Program Files\Microchip\mplabc18\v3.37\src\traditional\proc\p18F26K22.asm
                   SSPMSK   0x000fca       data     extern C:\Program Files\Microchip\mplabc18\v3.37\src\traditional\proc\p18F26K22.asm
               SSPMSKbits   0x000fca       data     extern C:\Program Files\Microchip\mplabc18\v3.37\src\traditional\proc\p18F26K22.asm
                  SSPSTAT   0x000fc7       data     extern C:\Program Files\Microchip\mplabc18\v3.37\src\traditional\proc\p18F26K22.asm
              SSPSTATbits   0x000fc7       data     extern C:\Program Files\Microchip\mplabc18\v3.37\src\traditional\proc\p18F26K22.asm
                   STATUS   0x000fd8       data     extern C:\Program Files\Microchip\mplabc18\v3.37\src\traditional\proc\p18F26K22.asm
               STATUSbits   0x000fd8       data     extern C:\Program Files\Microchip\mplabc18\v3.37\src\traditional\proc\p18F26K22.asm
                   STKPTR   0x000ffc       data     extern C:\Program Files\Microchip\mplabc18\v3.37\src\traditional\proc\p18F26K22.asm
               STKPTRbits   0x000ffc       data     extern C:\Program Files\Microchip\mplabc18\v3.37\src\traditional\proc\p18F26K22.asm
                    T0CON   0x000fd5       data     extern C:\Program Files\Microchip\mplabc18\v3.37\src\traditional\proc\p18F26K22.asm
                T0CONbits   0x000fd5       data     extern C:\Program Files\Microchip\mplabc18\v3.37\src\traditional\proc\p18F26K22.asm
                    T1CON   0x000fcd       data     extern C:\Program Files\Microchip\mplabc18\v3.37\src\traditional\proc\p18F26K22.asm
                T1CONbits   0x000fcd       data     extern C:\Program Files\Microchip\mplabc18\v3.37\src\traditional\proc\p18F26K22.asm
                   T1GCON   0x000fcc       data     extern C:\Program Files\Microchip\mplabc18\v3.37\src\traditional\proc\p18F26K22.asm
               T1GCONbits   0x000fcc       data     extern C:\Program Files\Microchip\mplabc18\v3.37\src\traditional\proc\p18F26K22.asm
                    T2CON   0x000fba       data     extern C:\Program Files\Microchip\mplabc18\v3.37\src\traditional\proc\p18F26K22.asm
                T2CONbits   0x000fba       data     extern C:\Program Files\Microchip\mplabc18\v3.37\src\traditional\proc\p18F26K22.asm
                    T3CON   0x000fb1       data     extern C:\Program Files\Microchip\mplabc18\v3.37\src\traditional\proc\p18F26K22.asm
                T3CONbits   0x000fb1       data     extern C:\Program Files\Microchip\mplabc18\v3.37\src\traditional\proc\p18F26K22.asm
                   T3GCON   0x000fb4       data     extern C:\Program Files\Microchip\mplabc18\v3.37\src\traditional\proc\p18F26K22.asm
               T3GCONbits   0x000fb4       data     extern C:\Program Files\Microchip\mplabc18\v3.37\src\traditional\proc\p18F26K22.asm
                    T4CON   0x000f51       data     extern C:\Program Files\Microchip\mplabc18\v3.37\src\traditional\proc\p18F26K22.asm
                T4CONbits   0x000f51       data     extern C:\Program Files\Microchip\mplabc18\v3.37\src\traditional\proc\p18F26K22.asm
                    T5CON   0x000f4e       data     extern C:\Program Files\Microchip\mplabc18\v3.37\src\traditional\proc\p18F26K22.asm
                T5CONbits   0x000f4e       data     extern C:\Program Files\Microchip\mplabc18\v3.37\src\traditional\proc\p18F26K22.asm
                   T5GCON   0x000f4d       data     extern C:\Program Files\Microchip\mplabc18\v3.37\src\traditional\proc\p18F26K22.asm
               T5GCONbits   0x000f4d       data     extern C:\Program Files\Microchip\mplabc18\v3.37\src\traditional\proc\p18F26K22.asm
                    T6CON   0x000f4a       data     extern C:\Program Files\Microchip\mplabc18\v3.37\src\traditional\proc\p18F26K22.asm
                T6CONbits   0x000f4a       data     extern C:\Program Files\Microchip\mplabc18\v3.37\src\traditional\proc\p18F26K22.asm
                   TABLAT   0x000ff5       data     extern C:\Program Files\Microchip\mplabc18\v3.37\src\traditional\proc\p18F26K22.asm
                   TBLPTR   0x000ff6       data     extern C:\Program Files\Microchip\mplabc18\v3.37\src\traditional\proc\p18F26K22.asm
                  TBLPTRH   0x000ff7       data     extern C:\Program Files\Microchip\mplabc18\v3.37\src\traditional\proc\p18F26K22.asm
                  TBLPTRL   0x000ff6       data     extern C:\Program Files\Microchip\mplabc18\v3.37\src\traditional\proc\p18F26K22.asm
                  TBLPTRU   0x000ff8       data     extern C:\Program Files\Microchip\mplabc18\v3.37\src\traditional\proc\p18F26K22.asm
              TBLPTRUbits   0x000ff8       data     extern C:\Program Files\Microchip\mplabc18\v3.37\src\traditional\proc\p18F26K22.asm
                    TMR0H   0x000fd7       data     extern C:\Program Files\Microchip\mplabc18\v3.37\src\traditional\proc\p18F26K22.asm
                    TMR0L   0x000fd6       data     extern C:\Program Files\Microchip\mplabc18\v3.37\src\traditional\proc\p18F26K22.asm
                    TMR1H   0x000fcf       data     extern C:\Program Files\Microchip\mplabc18\v3.37\src\traditional\proc\p18F26K22.asm
                    TMR1L   0x000fce       data     extern C:\Program Files\Microchip\mplabc18\v3.37\src\traditional\proc\p18F26K22.asm
                     TMR2   0x000fbc       data     extern C:\Program Files\Microchip\mplabc18\v3.37\src\traditional\proc\p18F26K22.asm
                TMR2start   0x00006f       data     extern C:\Program Files (x86)\Microchip\Projects\FastTraxx_PWM\FastTraxx.c
                TMR2state   0x00006d       data     extern C:\Program Files (x86)\Microchip\Projects\FastTraxx_PWM\FastTraxx.c
                    TMR3H   0x000fb3       data     extern C:\Program Files\Microchip\mplabc18\v3.37\src\traditional\proc\p18F26K22.asm
                    TMR3L   0x000fb2       data     extern C:\Program Files\Microchip\mplabc18\v3.37\src\traditional\proc\p18F26K22.asm
                     TMR4   0x000f53       data     extern C:\Program Files\Microchip\mplabc18\v3.37\src\traditional\proc\p18F26K22.asm
                    TMR5H   0x000f50       data     extern C:\Program Files\Microchip\mplabc18\v3.37\src\traditional\proc\p18F26K22.asm
                    TMR5L   0x000f4f       data     extern C:\Program Files\Microchip\mplabc18\v3.37\src\traditional\proc\p18F26K22.asm
                     TMR6   0x000f4c       data     extern C:\Program Files\Microchip\mplabc18\v3.37\src\traditional\proc\p18F26K22.asm
                      TOS   0x000ffd       data     extern C:\Program Files\Microchip\mplabc18\v3.37\src\traditional\proc\p18F26K22.asm
                     TOSH   0x000ffe       data     extern C:\Program Files\Microchip\mplabc18\v3.37\src\traditional\proc\p18F26K22.asm
                     TOSL   0x000ffd       data     extern C:\Program Files\Microchip\mplabc18\v3.37\src\traditional\proc\p18F26K22.asm
                     TOSU   0x000fff       data     extern C:\Program Files\Microchip\mplabc18\v3.37\src\traditional\proc\p18F26K22.asm
                    TRISA   0x000f92       data     extern C:\Program Files\Microchip\mplabc18\v3.37\src\traditional\proc\p18F26K22.asm
                TRISAbits   0x000f92       data     extern C:\Program Files\Microchip\mplabc18\v3.37\src\traditional\proc\p18F26K22.asm
                    TRISB   0x000f93       data     extern C:\Program Files\Microchip\mplabc18\v3.37\src\traditional\proc\p18F26K22.asm
                TRISBbits   0x000f93       data     extern C:\Program Files\Microchip\mplabc18\v3.37\src\traditional\proc\p18F26K22.asm
                    TRISC   0x000f94       data     extern C:\Program Files\Microchip\mplabc18\v3.37\src\traditional\proc\p18F26K22.asm
                TRISCbits   0x000f94       data     extern C:\Program Files\Microchip\mplabc18\v3.37\src\traditional\proc\p18F26K22.asm
                    TRISE   0x000f96       data     extern C:\Program Files\Microchip\mplabc18\v3.37\src\traditional\proc\p18F26K22.asm
                TRISEbits   0x000f96       data     extern C:\Program Files\Microchip\mplabc18\v3.37\src\traditional\proc\p18F26K22.asm
                   TX1REG   0x000fad       data     extern C:\Program Files\Microchip\mplabc18\v3.37\src\traditional\proc\p18F26K22.asm
               TX1REGbits   0x000fad       data     extern C:\Program Files\Microchip\mplabc18\v3.37\src\traditional\proc\p18F26K22.asm
                   TX1STA   0x000fac       data     extern C:\Program Files\Microchip\mplabc18\v3.37\src\traditional\proc\p18F26K22.asm
               TX1STAbits   0x000fac       data     extern C:\Program Files\Microchip\mplabc18\v3.37\src\traditional\proc\p18F26K22.asm
                   TX2REG   0x000f73       data     extern C:\Program Files\Microchip\mplabc18\v3.37\src\traditional\proc\p18F26K22.asm
                   TX2STA   0x000f72       data     extern C:\Program Files\Microchip\mplabc18\v3.37\src\traditional\proc\p18F26K22.asm
               TX2STAbits   0x000f72       data     extern C:\Program Files\Microchip\mplabc18\v3.37\src\traditional\proc\p18F26K22.asm
                    TXREG   0x000fad       data     extern C:\Program Files\Microchip\mplabc18\v3.37\src\traditional\proc\p18F26K22.asm
                   TXREG1   0x000fad       data     extern C:\Program Files\Microchip\mplabc18\v3.37\src\traditional\proc\p18F26K22.asm
               TXREG1bits   0x000fad       data     extern C:\Program Files\Microchip\mplabc18\v3.37\src\traditional\proc\p18F26K22.asm
                   TXREG2   0x000f73       data     extern C:\Program Files\Microchip\mplabc18\v3.37\src\traditional\proc\p18F26K22.asm
                TXREGbits   0x000fad       data     extern C:\Program Files\Microchip\mplabc18\v3.37\src\traditional\proc\p18F26K22.asm
                    TXSTA   0x000fac       data     extern C:\Program Files\Microchip\mplabc18\v3.37\src\traditional\proc\p18F26K22.asm
                   TXSTA1   0x000fac       data     extern C:\Program Files\Microchip\mplabc18\v3.37\src\traditional\proc\p18F26K22.asm
               TXSTA1bits   0x000fac       data     extern C:\Program Files\Microchip\mplabc18\v3.37\src\traditional\proc\p18F26K22.asm
                   TXSTA2   0x000f72       data     extern C:\Program Files\Microchip\mplabc18\v3.37\src\traditional\proc\p18F26K22.asm
               TXSTA2bits   0x000f72       data     extern C:\Program Files\Microchip\mplabc18\v3.37\src\traditional\proc\p18F26K22.asm
                TXSTAbits   0x000fac       data     extern C:\Program Files\Microchip\mplabc18\v3.37\src\traditional\proc\p18F26K22.asm
            USART1_Status   0x000f0a       data     extern C:\Program Files\Microchip\mplabc18\v3.37\src\pmc_common\USART\u1defs.c
                 VREFCON0   0x000f42       data     extern C:\Program Files\Microchip\mplabc18\v3.37\src\traditional\proc\p18F26K22.asm
             VREFCON0bits   0x000f42       data     extern C:\Program Files\Microchip\mplabc18\v3.37\src\traditional\proc\p18F26K22.asm
                 VREFCON1   0x000f41       data     extern C:\Program Files\Microchip\mplabc18\v3.37\src\traditional\proc\p18F26K22.asm
             VREFCON1bits   0x000f41       data     extern C:\Program Files\Microchip\mplabc18\v3.37\src\traditional\proc\p18F26K22.asm
                 VREFCON2   0x000f40       data     extern C:\Program Files\Microchip\mplabc18\v3.37\src\traditional\proc\p18F26K22.asm
             VREFCON2bits   0x000f40       data     extern C:\Program Files\Microchip\mplabc18\v3.37\src\traditional\proc\p18F26K22.asm
                        W   0x000fe8       data     extern C:\Program Files\Microchip\mplabc18\v3.37\src\traditional\proc\p18F26K22.asm
                   WDTCON   0x000fd1       data     extern C:\Program Files\Microchip\mplabc18\v3.37\src\traditional\proc\p18F26K22.asm
               WDTCONbits   0x000fd1       data     extern C:\Program Files\Microchip\mplabc18\v3.37\src\traditional\proc\p18F26K22.asm
                     WPUB   0x000f61       data     extern C:\Program Files\Microchip\mplabc18\v3.37\src\traditional\proc\p18F26K22.asm
                 WPUBbits   0x000f61       data     extern C:\Program Files\Microchip\mplabc18\v3.37\src\traditional\proc\p18F26K22.asm
                     WREG   0x000fe8       data     extern C:\Program Files\Microchip\mplabc18\v3.37\src\traditional\proc\p18F26K22.asm
                 __AARGB0   0x000009       data     extern C:\Program Files\Microchip\mplabc18\v3.37\src\traditional\math\aarg.asm
                 __AARGB1   0x000008       data     extern C:\Program Files\Microchip\mplabc18\v3.37\src\traditional\math\aarg.asm
                 __AARGB2   0x000007       data     extern C:\Program Files\Microchip\mplabc18\v3.37\src\traditional\math\aarg.asm
                 __AARGB3   0x000006       data     extern C:\Program Files\Microchip\mplabc18\v3.37\src\traditional\math\aarg.asm
                 __AARGB4   0x000005       data     extern C:\Program Files\Microchip\mplabc18\v3.37\src\traditional\math\aarg.asm
                 __AARGB5   0x000004       data     extern C:\Program Files\Microchip\mplabc18\v3.37\src\traditional\math\aarg.asm
                 __AARGB6   0x000003       data     extern C:\Program Files\Microchip\mplabc18\v3.37\src\traditional\math\aarg.asm
                 __AARGB7   0x000002       data     extern C:\Program Files\Microchip\mplabc18\v3.37\src\traditional\math\aarg.asm
                   __AEXP   0x00000a       data     extern C:\Program Files\Microchip\mplabc18\v3.37\src\traditional\math\aarg.asm
                 __BARGB0   0x00000e       data     extern C:\Program Files\Microchip\mplabc18\v3.37\src\traditional\math\barg.asm
[...]
                   SPBRGH   0x000fb0       data     extern C:\Program Files\Microchip\mplabc18\v3.37\src\traditional\proc\p18F26K22.asm
                T3CONbits   0x000fb1       data     extern C:\Program Files\Microchip\mplabc18\v3.37\src\traditional\proc\p18F26K22.asm
                    T3CON   0x000fb1       data     extern C:\Program Files\Microchip\mplabc18\v3.37\src\traditional\proc\p18F26K22.asm
                    TMR3L   0x000fb2       data     extern C:\Program Files\Microchip\mplabc18\v3.37\src\traditional\proc\p18F26K22.asm
                    TMR3H   0x000fb3       data     extern C:\Program Files\Microchip\mplabc18\v3.37\src\traditional\proc\p18F26K22.asm
               T3GCONbits   0x000fb4       data     extern C:\Program Files\Microchip\mplabc18\v3.37\src\traditional\proc\p18F26K22.asm
                   T3GCON   0x000fb4       data     extern C:\Program Files\Microchip\mplabc18\v3.37\src\traditional\proc\p18F26K22.asm
               ECCPASbits   0x000fb6       data     extern C:\Program Files\Microchip\mplabc18\v3.37\src\traditional\proc\p18F26K22.asm
                   ECCPAS   0x000fb6       data     extern C:\Program Files\Microchip\mplabc18\v3.37\src\traditional\proc\p18F26K22.asm
              ECCP1ASbits   0x000fb6       data     extern C:\Program Files\Microchip\mplabc18\v3.37\src\traditional\proc\p18F26K22.asm
                  ECCP1AS   0x000fb6       data     extern C:\Program Files\Microchip\mplabc18\v3.37\src\traditional\proc\p18F26K22.asm
                  PWM1CON   0x000fb7       data     extern C:\Program Files\Microchip\mplabc18\v3.37\src\traditional\proc\p18F26K22.asm
               PWMCONbits   0x000fb7       data     extern C:\Program Files\Microchip\mplabc18\v3.37\src\traditional\proc\p18F26K22.asm
                   PWMCON   0x000fb7       data     extern C:\Program Files\Microchip\mplabc18\v3.37\src\traditional\proc\p18F26K22.asm
              PWM1CONbits   0x000fb7       data     extern C:\Program Files\Microchip\mplabc18\v3.37\src\traditional\proc\p18F26K22.asm
              BAUDCONbits   0x000fb8       data     extern C:\Program Files\Microchip\mplabc18\v3.37\src\traditional\proc\p18F26K22.asm
                  BAUDCTL   0x000fb8       data     extern C:\Program Files\Microchip\mplabc18\v3.37\src\traditional\proc\p18F26K22.asm
              BAUDCTLbits   0x000fb8       data     extern C:\Program Files\Microchip\mplabc18\v3.37\src\traditional\proc\p18F26K22.asm
             BAUDCON1bits   0x000fb8       data     extern C:\Program Files\Microchip\mplabc18\v3.37\src\traditional\proc\p18F26K22.asm
                 BAUDCON1   0x000fb8       data     extern C:\Program Files\Microchip\mplabc18\v3.37\src\traditional\proc\p18F26K22.asm
                  BAUDCON   0x000fb8       data     extern C:\Program Files\Microchip\mplabc18\v3.37\src\traditional\proc\p18F26K22.asm
             BAUD1CONbits   0x000fb8       data     extern C:\Program Files\Microchip\mplabc18\v3.37\src\traditional\proc\p18F26K22.asm
                 BAUD1CON   0x000fb8       data     extern C:\Program Files\Microchip\mplabc18\v3.37\src\traditional\proc\p18F26K22.asm
              PSTRCONbits   0x000fb9       data     extern C:\Program Files\Microchip\mplabc18\v3.37\src\traditional\proc\p18F26K22.asm
                  PSTRCON   0x000fb9       data     extern C:\Program Files\Microchip\mplabc18\v3.37\src\traditional\proc\p18F26K22.asm
             PSTR1CONbits   0x000fb9       data     extern C:\Program Files\Microchip\mplabc18\v3.37\src\traditional\proc\p18F26K22.asm
                 PSTR1CON   0x000fb9       data     extern C:\Program Files\Microchip\mplabc18\v3.37\src\traditional\proc\p18F26K22.asm
                T2CONbits   0x000fba       data     extern C:\Program Files\Microchip\mplabc18\v3.37\src\traditional\proc\p18F26K22.asm
                    T2CON   0x000fba       data     extern C:\Program Files\Microchip\mplabc18\v3.37\src\traditional\proc\p18F26K22.asm
                      PR2   0x000fbb       data     extern C:\Program Files\Microchip\mplabc18\v3.37\src\traditional\proc\p18F26K22.asm
                     TMR2   0x000fbc       data     extern C:\Program Files\Microchip\mplabc18\v3.37\src\traditional\proc\p18F26K22.asm
              CCP1CONbits   0x000fbd       data     extern C:\Program Files\Microchip\mplabc18\v3.37\src\traditional\proc\p18F26K22.asm
                  CCP1CON   0x000fbd       data     extern C:\Program Files\Microchip\mplabc18\v3.37\src\traditional\proc\p18F26K22.asm
                   CCPR1L   0x000fbe       data     extern C:\Program Files\Microchip\mplabc18\v3.37\src\traditional\proc\p18F26K22.asm
                    CCPR1   0x000fbe       data     extern C:\Program Files\Microchip\mplabc18\v3.37\src\traditional\proc\p18F26K22.asm
                   CCPR1H   0x000fbf       data     extern C:\Program Files\Microchip\mplabc18\v3.37\src\traditional\proc\p18F26K22.asm
               ADCON2bits   0x000fc0       data     extern C:\Program Files\Microchip\mplabc18\v3.37\src\traditional\proc\p18F26K22.asm
                   ADCON2   0x000fc0       data     extern C:\Program Files\Microchip\mplabc18\v3.37\src\traditional\proc\p18F26K22.asm
               ADCON1bits   0x000fc1       data     extern C:\Program Files\Microchip\mplabc18\v3.37\src\traditional\proc\p18F26K22.asm
                   ADCON1   0x000fc1       data     extern C:\Program Files\Microchip\mplabc18\v3.37\src\traditional\proc\p18F26K22.asm
               ADCON0bits   0x000fc2       data     extern C:\Program Files\Microchip\mplabc18\v3.37\src\traditional\proc\p18F26K22.asm
                   ADCON0   0x000fc2       data     extern C:\Program Files\Microchip\mplabc18\v3.37\src\traditional\proc\p18F26K22.asm
                   ADRESL   0x000fc3       data     extern C:\Program Files\Microchip\mplabc18\v3.37\src\traditional\proc\p18F26K22.asm
                    ADRES   0x000fc3       data     extern C:\Program Files\Microchip\mplabc18\v3.37\src\traditional\proc\p18F26K22.asm
                   ADRESH   0x000fc4       data     extern C:\Program Files\Microchip\mplabc18\v3.37\src\traditional\proc\p18F26K22.asm
             SSP1CON2bits   0x000fc5       data     extern C:\Program Files\Microchip\mplabc18\v3.37\src\traditional\proc\p18F26K22.asm
                 SSP1CON2   0x000fc5       data     extern C:\Program Files\Microchip\mplabc18\v3.37\src\traditional\proc\p18F26K22.asm
                  SSPCON2   0x000fc5       data     extern C:\Program Files\Microchip\mplabc18\v3.37\src\traditional\proc\p18F26K22.asm
              SSPCON2bits   0x000fc5       data     extern C:\Program Files\Microchip\mplabc18\v3.37\src\traditional\proc\p18F26K22.asm
             SSP1CON1bits   0x000fc6       data     extern C:\Program Files\Microchip\mplabc18\v3.37\src\traditional\proc\p18F26K22.asm
                 SSP1CON1   0x000fc6       data     extern C:\Program Files\Microchip\mplabc18\v3.37\src\traditional\proc\p18F26K22.asm
                  SSPCON1   0x000fc6       data     extern C:\Program Files\Microchip\mplabc18\v3.37\src\traditional\proc\p18F26K22.asm
              SSPCON1bits   0x000fc6       data     extern C:\Program Files\Microchip\mplabc18\v3.37\src\traditional\proc\p18F26K22.asm
                 SSP1STAT   0x000fc7       data     extern C:\Program Files\Microchip\mplabc18\v3.37\src\traditional\proc\p18F26K22.asm
             SSP1STATbits   0x000fc7       data     extern C:\Program Files\Microchip\mplabc18\v3.37\src\traditional\proc\p18F26K22.asm
              SSPSTATbits   0x000fc7       data     extern C:\Program Files\Microchip\mplabc18\v3.37\src\traditional\proc\p18F26K22.asm
                  SSPSTAT   0x000fc7       data     extern C:\Program Files\Microchip\mplabc18\v3.37\src\traditional\proc\p18F26K22.asm
                   SSPADD   0x000fc8       data     extern C:\Program Files\Microchip\mplabc18\v3.37\src\traditional\proc\p18F26K22.asm
               SSPADDbits   0x000fc8       data     extern C:\Program Files\Microchip\mplabc18\v3.37\src\traditional\proc\p18F26K22.asm
                  SSP1ADD   0x000fc8       data     extern C:\Program Files\Microchip\mplabc18\v3.37\src\traditional\proc\p18F26K22.asm
              SSP1ADDbits   0x000fc8       data     extern C:\Program Files\Microchip\mplabc18\v3.37\src\traditional\proc\p18F26K22.asm
                   SSPBUF   0x000fc9       data     extern C:\Program Files\Microchip\mplabc18\v3.37\src\traditional\proc\p18F26K22.asm
               SSPBUFbits   0x000fc9       data     extern C:\Program Files\Microchip\mplabc18\v3.37\src\traditional\proc\p18F26K22.asm
              SSP1BUFbits   0x000fc9       data     extern C:\Program Files\Microchip\mplabc18\v3.37\src\traditional\proc\p18F26K22.asm
                  SSP1BUF   0x000fc9       data     extern C:\Program Files\Microchip\mplabc18\v3.37\src\traditional\proc\p18F26K22.asm
                   SSPMSK   0x000fca       data     extern C:\Program Files\Microchip\mplabc18\v3.37\src\traditional\proc\p18F26K22.asm
               SSPMSKbits   0x000fca       data     extern C:\Program Files\Microchip\mplabc18\v3.37\src\traditional\proc\p18F26K22.asm
                  SSP1MSK   0x000fca       data     extern C:\Program Files\Microchip\mplabc18\v3.37\src\traditional\proc\p18F26K22.asm
              SSP1MSKbits   0x000fca       data     extern C:\Program Files\Microchip\mplabc18\v3.37\src\traditional\proc\p18F26K22.asm
                  SSPCON3   0x000fcb       data     extern C:\Program Files\Microchip\mplabc18\v3.37\src\traditional\proc\p18F26K22.asm
              SSPCON3bits   0x000fcb       data     extern C:\Program Files\Microchip\mplabc18\v3.37\src\traditional\proc\p18F26K22.asm
                 SSP1CON3   0x000fcb       data     extern C:\Program Files\Microchip\mplabc18\v3.37\src\traditional\proc\p18F26K22.asm
             SSP1CON3bits   0x000fcb       data     extern C:\Program Files\Microchip\mplabc18\v3.37\src\traditional\proc\p18F26K22.asm
               T1GCONbits   0x000fcc       data     extern C:\Program Files\Microchip\mplabc18\v3.37\src\traditional\proc\p18F26K22.asm
                   T1GCON   0x000fcc       data     extern C:\Program Files\Microchip\mplabc18\v3.37\src\traditional\proc\p18F26K22.asm
                T1CONbits   0x000fcd       data     extern C:\Program Files\Microchip\mplabc18\v3.37\src\traditional\proc\p18F26K22.asm
                    T1CON   0x000fcd       data     extern C:\Program Files\Microchip\mplabc18\v3.37\src\traditional\proc\p18F26K22.asm
                    TMR1L   0x000fce       data     extern C:\Program Files\Microchip\mplabc18\v3.37\src\traditional\proc\p18F26K22.asm
                    TMR1H   0x000fcf       data     extern C:\Program Files\Microchip\mplabc18\v3.37\src\traditional\proc\p18F26K22.asm
                 RCONbits   0x000fd0       data     extern C:\Program Files\Microchip\mplabc18\v3.37\src\traditional\proc\p18F26K22.asm
                     RCON   0x000fd0       data     extern C:\Program Files\Microchip\mplabc18\v3.37\src\traditional\proc\p18F26K22.asm
               WDTCONbits   0x000fd1       data     extern C:\Program Files\Microchip\mplabc18\v3.37\src\traditional\proc\p18F26K22.asm
                   WDTCON   0x000fd1       data     extern C:\Program Files\Microchip\mplabc18\v3.37\src\traditional\proc\p18F26K22.asm
                  OSCCON2   0x000fd2       data     extern C:\Program Files\Microchip\mplabc18\v3.37\src\traditional\proc\p18F26K22.asm
              OSCCON2bits   0x000fd2       data     extern C:\Program Files\Microchip\mplabc18\v3.37\src\traditional\proc\p18F26K22.asm
                   OSCCON   0x000fd3       data     extern C:\Program Files\Microchip\mplabc18\v3.37\src\traditional\proc\p18F26K22.asm
               OSCCONbits   0x000fd3       data     extern C:\Program Files\Microchip\mplabc18\v3.37\src\traditional\proc\p18F26K22.asm
                T0CONbits   0x000fd5       data     extern C:\Program Files\Microchip\mplabc18\v3.37\src\traditional\proc\p18F26K22.asm
                    T0CON   0x000fd5       data     extern C:\Program Files\Microchip\mplabc18\v3.37\src\traditional\proc\p18F26K22.asm
                    TMR0L   0x000fd6       data     extern C:\Program Files\Microchip\mplabc18\v3.37\src\traditional\proc\p18F26K22.asm
                    TMR0H   0x000fd7       data     extern C:\Program Files\Microchip\mplabc18\v3.37\src\traditional\proc\p18F26K22.asm
               STATUSbits   0x000fd8       data     extern C:\Program Files\Microchip\mplabc18\v3.37\src\traditional\proc\p18F26K22.asm
                   STATUS   0x000fd8       data     extern C:\Program Files\Microchip\mplabc18\v3.37\src\traditional\proc\p18F26K22.asm
                    FSR2L   0x000fd9       data     extern C:\Program Files\Microchip\mplabc18\v3.37\src\traditional\proc\p18F26K22.asm
                     FSR2   0x000fd9       data     extern C:\Program Files\Microchip\mplabc18\v3.37\src\traditional\proc\p18F26K22.asm
                    FSR2H   0x000fda       data     extern C:\Program Files\Microchip\mplabc18\v3.37\src\traditional\proc\p18F26K22.asm
                   PLUSW2   0x000fdb       data     extern C:\Program Files\Microchip\mplabc18\v3.37\src\traditional\proc\p18F26K22.asm
                  PREINC2   0x000fdc       data     extern C:\Program Files\Microchip\mplabc18\v3.37\src\traditional\proc\p18F26K22.asm
                 POSTDEC2   0x000fdd       data     extern C:\Program Files\Microchip\mplabc18\v3.37\src\traditional\proc\p18F26K22.asm
                 POSTINC2   0x000fde       data     extern C:\Program Files\Microchip\mplabc18\v3.37\src\traditional\proc\p18F26K22.asm
                    INDF2   0x000fdf       data     extern C:\Program Files\Microchip\mplabc18\v3.37\src\traditional\proc\p18F26K22.asm
                      BSR   0x000fe0       data     extern C:\Program Files\Microchip\mplabc18\v3.37\src\traditional\proc\p18F26K22.asm
                    FSR1L   0x000fe1       data     extern C:\Program Files\Microchip\mplabc18\v3.37\src\traditional\proc\p18F26K22.asm
                     FSR1   0x000fe1       data     extern C:\Program Files\Microchip\mplabc18\v3.37\src\traditional\proc\p18F26K22.asm
                    FSR1H   0x000fe2       data     extern C:\Program Files\Microchip\mplabc18\v3.37\src\traditional\proc\p18F26K22.asm
                   PLUSW1   0x000fe3       data     extern C:\Program Files\Microchip\mplabc18\v3.37\src\traditional\proc\p18F26K22.asm
                  PREINC1   0x000fe4       data     extern C:\Program Files\Microchip\mplabc18\v3.37\src\traditional\proc\p18F26K22.asm
                 POSTDEC1   0x000fe5       data     extern C:\Program Files\Microchip\mplabc18\v3.37\src\traditional\proc\p18F26K22.asm
                 POSTINC1   0x000fe6       data     extern C:\Program Files\Microchip\mplabc18\v3.37\src\traditional\proc\p18F26K22.asm
                    INDF1   0x000fe7       data     extern C:\Program Files\Microchip\mplabc18\v3.37\src\traditional\proc\p18F26K22.asm
                     WREG   0x000fe8       data     extern C:\Program Files\Microchip\mplabc18\v3.37\src\traditional\proc\p18F26K22.asm
                        W   0x000fe8       data     extern C:\Program Files\Microchip\mplabc18\v3.37\src\traditional\proc\p18F26K22.asm
                     FSR0   0x000fe9       data     extern C:\Program Files\Microchip\mplabc18\v3.37\src\traditional\proc\p18F26K22.asm
                    FSR0L   0x000fe9       data     extern C:\Program Files\Microchip\mplabc18\v3.37\src\traditional\proc\p18F26K22.asm
                    FSR0H   0x000fea       data     extern C:\Program Files\Microchip\mplabc18\v3.37\src\traditional\proc\p18F26K22.asm
                   PLUSW0   0x000feb       data     extern C:\Program Files\Microchip\mplabc18\v3.37\src\traditional\proc\p18F26K22.asm
                  PREINC0   0x000fec       data     extern C:\Program Files\Microchip\mplabc18\v3.37\src\traditional\proc\p18F26K22.asm
                 POSTDEC0   0x000fed       data     extern C:\Program Files\Microchip\mplabc18\v3.37\src\traditional\proc\p18F26K22.asm
                 POSTINC0   0x000fee       data     extern C:\Program Files\Microchip\mplabc18\v3.37\src\traditional\proc\p18F26K22.asm
                    INDF0   0x000fef       data     extern C:\Program Files\Microchip\mplabc18\v3.37\src\traditional\proc\p18F26K22.asm
                  INTCON3   0x000ff0       data     extern C:\Program Files\Microchip\mplabc18\v3.37\src\traditional\proc\p18F26K22.asm
              INTCON3bits   0x000ff0       data     extern C:\Program Files\Microchip\mplabc18\v3.37\src\traditional\proc\p18F26K22.asm
                  INTCON2   0x000ff1       data     extern C:\Program Files\Microchip\mplabc18\v3.37\src\traditional\proc\p18F26K22.asm
              INTCON2bits   0x000ff1       data     extern C:\Program Files\Microchip\mplabc18\v3.37\src\traditional\proc\p18F26K22.asm
                   INTCON   0x000ff2       data     extern C:\Program Files\Microchip\mplabc18\v3.37\src\traditional\proc\p18F26K22.asm
               INTCONbits   0x000ff2       data     extern C:\Program Files\Microchip\mplabc18\v3.37\src\traditional\proc\p18F26K22.asm
                    PRODL   0x000ff3       data     extern C:\Program Files\Microchip\mplabc18\v3.37\src\traditional\proc\p18F26K22.asm
                     PROD   0x000ff3       data     extern C:\Program Files\Microchip\mplabc18\v3.37\src\traditional\proc\p18F26K22.asm
                    PRODH   0x000ff4       data     extern C:\Program Files\Microchip\mplabc18\v3.37\src\traditional\proc\p18F26K22.asm
                   TABLAT   0x000ff5       data     extern C:\Program Files\Microchip\mplabc18\v3.37\src\traditional\proc\p18F26K22.asm
                  TBLPTRL   0x000ff6       data     extern C:\Program Files\Microchip\mplabc18\v3.37\src\traditional\proc\p18F26K22.asm
                   TBLPTR   0x000ff6       data     extern C:\Program Files\Microchip\mplabc18\v3.37\src\traditional\proc\p18F26K22.asm
                  TBLPTRH   0x000ff7       data     extern C:\Program Files\Microchip\mplabc18\v3.37\src\traditional\proc\p18F26K22.asm
              TBLPTRUbits   0x000ff8       data     extern C:\Program Files\Microchip\mplabc18\v3.37\src\traditional\proc\p18F26K22.asm
                  TBLPTRU   0x000ff8       data     extern C:\Program Files\Microchip\mplabc18\v3.37\src\traditional\proc\p18F26K22.asm
                      PCL   0x000ff9       data     extern C:\Program Files\Microchip\mplabc18\v3.37\src\traditional\proc\p18F26K22.asm
                       PC   0x000ff9       data     extern C:\Program Files\Microchip\mplabc18\v3.37\src\traditional\proc\p18F26K22.asm
                   PCLATH   0x000ffa       data     extern C:\Program Files\Microchip\mplabc18\v3.37\src\traditional\proc\p18F26K22.asm
                   PCLATU   0x000ffb       data     extern C:\Program Files\Microchip\mplabc18\v3.37\src\traditional\proc\p18F26K22.asm
               STKPTRbits   0x000ffc       data     extern C:\Program Files\Microchip\mplabc18\v3.37\src\traditional\proc\p18F26K22.asm
                   STKPTR   0x000ffc       data     extern C:\Program Files\Microchip\mplabc18\v3.37\src\traditional\proc\p18F26K22.asm
                      TOS   0x000ffd       data     extern C:\Program Files\Microchip\mplabc18\v3.37\src\traditional\proc\p18F26K22.asm
                     TOSL   0x000ffd       data     extern C:\Program Files\Microchip\mplabc18\v3.37\src\traditional\proc\p18F26K22.asm
                     TOSH   0x000ffe       data     extern C:\Program Files\Microchip\mplabc18\v3.37\src\traditional\proc\p18F26K22.asm
                     TOSU   0x000fff       data     extern C:\Program Files\Microchip\mplabc18\v3.37\src\traditional\proc\p18F26K22.asm


